Timing Analyzer report for traffic
Sun Apr 24 03:18:56 2005
Version 4.2 Build 157 12/07/2004 SJ Web Edition


---------------------
; Table of Contents ;
---------------------
  1. Legal Notice
  2. Timing Analyzer Summary
  3. Timing Analyzer Settings
  4. Clock Settings Summary
  5. Clock Setup: 'clk'
  6. tsu
  7. tco
  8. th
  9. Timing Analyzer Messages



----------------
; Legal Notice ;
----------------
Copyright (C) 1991-2004 Altera Corporation
Any  megafunction  design,  and related netlist (encrypted  or  decrypted),
support information,  device programming or simulation file,  and any other
associated  documentation or information  provided by  Altera  or a partner
under  Altera's   Megafunction   Partnership   Program  may  be  used  only
to program  PLD  devices (but not masked  PLD  devices) from  Altera.   Any
other  use  of such  megafunction  design,  netlist,  support  information,
device programming or simulation file,  or any other  related documentation
or information  is prohibited  for  any  other purpose,  including, but not
limited to  modification,  reverse engineering,  de-compiling, or use  with
any other  silicon devices,  unless such use is  explicitly  licensed under
a separate agreement with  Altera  or a megafunction partner.  Title to the
intellectual property,  including patents,  copyrights,  trademarks,  trade
secrets,  or maskworks,  embodied in any such megafunction design, netlist,
support  information,  device programming or simulation file,  or any other
related documentation or information provided by  Altera  or a megafunction
partner, remains with Altera, the megafunction partner, or their respective
licensors. No other licenses, including any licenses needed under any third
party's intellectual property, are provided herein.



+---------------------------------------------------------------------------------------------------------------------------------------------------------------------------------------------------------------------------------------------------------------------------------+
; Timing Analyzer Summary                                                                                                                                                                                                                                                         ;
+------------------------------+-------+---------------+----------------------------------+-----------------------------------------------------------------------+------------------------------------------------------------------------+------------+----------+--------------+
; Type                         ; Slack ; Required Time ; Actual Time                      ; From                                                                  ; To                                                                     ; From Clock ; To Clock ; Failed Paths ;
+------------------------------+-------+---------------+----------------------------------+-----------------------------------------------------------------------+------------------------------------------------------------------------+------------+----------+--------------+
; Worst-case tsu               ; N/A   ; None          ; -1.824 ns                        ; sw1                                                                   ; bin2seg0_scan:inst|bin[0]                                              ;            ; clk      ; 0            ;
; Worst-case tco               ; N/A   ; None          ; 16.494 ns                        ; bin2seg0_scan:inst|bin[3]                                             ; seg[0]                                                                 ; clk        ;          ; 0            ;
; Worst-case th                ; N/A   ; None          ; 3.325 ns                         ; dip[1]                                                                ; traffic_sm:inst2|present_state.s1                                      ;            ; clk      ; 0            ;
; Clock Setup: 'clk'           ; N/A   ; None          ; 179.89 MHz ( period = 5.559 ns ) ; clk_gen:inst1|lpm_counter:cnt_rtl_0|cntr_b67:auto_generated|safe_q[2] ; clk_gen:inst1|lpm_counter:cnt_rtl_0|cntr_b67:auto_generated|safe_q[23] ; clk        ; clk      ; 0            ;
; Total number of failed paths ;       ;               ;                                  ;                                                                       ;                                                                        ;            ;          ; 0            ;
+------------------------------+-------+---------------+----------------------------------+-----------------------------------------------------------------------+------------------------------------------------------------------------+------------+----------+--------------+


+------------------------------------------------------------------------------------------------------+
; Timing Analyzer Settings                                                                             ;
+-------------------------------------------------------+--------------------+------+----+-------------+
; Option                                                ; Setting            ; From ; To ; Entity Name ;
+-------------------------------------------------------+--------------------+------+----+-------------+
; Device Name                                           ; EPM1270T144C5ES    ;      ;    ;             ;
; Timing Models                                         ; Preliminary        ;      ;    ;             ;
; Number of source nodes to report per destination node ; 10                 ;      ;    ;             ;
; Number of destination nodes to report                 ; 10                 ;      ;    ;             ;
; Number of paths to report                             ; 200                ;      ;    ;             ;
; Report Minumum Timing Checks                          ; Off                ;      ;    ;             ;
; Use Fast Timing Models                                ; Off                ;      ;    ;             ;
; Report IO Paths Separately                            ; Off                ;      ;    ;             ;
; Clock Analysis Only                                   ; Off                ;      ;    ;             ;
; Default hold multicycle                               ; Same as Multicycle ;      ;    ;             ;
; Cut paths between unrelated clock domains             ; On                 ;      ;    ;             ;
; Cut off read during write signal paths                ; On                 ;      ;    ;             ;
; Cut off clear and preset signal paths                 ; On                 ;      ;    ;             ;
; Cut off feedback from I/O pins                        ; On                 ;      ;    ;             ;
; Ignore Clock Settings                                 ; Off                ;      ;    ;             ;
; Analyze latches as synchronous elements               ; Off                ;      ;    ;             ;
; Do Min/Max analysis using Rise/Fall delays            ; Off                ;      ;    ;             ;
; Enable Recovery/Removal analysis                      ; Off                ;      ;    ;             ;
; Use Clock Latency for PLL offset                      ; Off                ;      ;    ;             ;
+-------------------------------------------------------+--------------------+------+----+-------------+


+--------------------------------------------------------------------------------------------------------------------------------------+
; Clock Settings Summary                                                                                                               ;
+-----------------+--------------------+----------+------------------+----------+-----------------------+---------------------+--------+
; Clock Node Name ; Clock Setting Name ; Type     ; Fmax Requirement ; Based on ; Multiply Base Fmax by ; Divide Base Fmax by ; Offset ;
+-----------------+--------------------+----------+------------------+----------+-----------------------+---------------------+--------+
; clk             ;                    ; User Pin ; NONE             ; NONE     ; N/A                   ; N/A                 ; N/A    ;
+-----------------+--------------------+----------+------------------+----------+-----------------------+---------------------+--------+


+-------------------------------------------------------------------------------------------------------------------------------------------------------------------------------------------------------------------------------------------------------------------------------------------------------------------------------------------------------------+
; Clock Setup: 'clk'                                                                                                                                                                                                                                                                                                                                          ;
+-----------------------------------------+-----------------------------------------------------+------------------------------------------------------------------------+------------------------------------------------------------------------+------------+----------+-----------------------------+---------------------------+-------------------------+
; Slack                                   ; Actual fmax (period)                                ; From                                                                   ; To                                                                     ; From Clock ; To Clock ; Required Setup Relationship ; Required Longest P2P Time ; Actual Longest P2P Time ;
+-----------------------------------------+-----------------------------------------------------+------------------------------------------------------------------------+------------------------------------------------------------------------+------------+----------+-----------------------------+---------------------------+-------------------------+
; N/A                                     ; 179.89 MHz ( period = 5.559 ns )                    ; clk_gen:inst1|lpm_counter:cnt_rtl_0|cntr_b67:auto_generated|safe_q[2]  ; clk_gen:inst1|lpm_counter:cnt_rtl_0|cntr_b67:auto_generated|safe_q[22] ; clk        ; clk      ; None                        ; None                      ; 4.995 ns                ;
; N/A                                     ; 179.89 MHz ( period = 5.559 ns )                    ; clk_gen:inst1|lpm_counter:cnt_rtl_0|cntr_b67:auto_generated|safe_q[2]  ; clk_gen:inst1|lpm_counter:cnt_rtl_0|cntr_b67:auto_generated|safe_q[23] ; clk        ; clk      ; None                        ; None                      ; 4.995 ns                ;
; N/A                                     ; 184.20 MHz ( period = 5.429 ns )                    ; clk_gen:inst1|lpm_counter:cnt_rtl_0|cntr_b67:auto_generated|safe_q[3]  ; clk_gen:inst1|lpm_counter:cnt_rtl_0|cntr_b67:auto_generated|safe_q[22] ; clk        ; clk      ; None                        ; None                      ; 4.865 ns                ;
; N/A                                     ; 184.20 MHz ( period = 5.429 ns )                    ; clk_gen:inst1|lpm_counter:cnt_rtl_0|cntr_b67:auto_generated|safe_q[3]  ; clk_gen:inst1|lpm_counter:cnt_rtl_0|cntr_b67:auto_generated|safe_q[23] ; clk        ; clk      ; None                        ; None                      ; 4.865 ns                ;
; N/A                                     ; 184.47 MHz ( period = 5.421 ns )                    ; clk_gen:inst1|lpm_counter:cnt_rtl_0|cntr_b67:auto_generated|safe_q[1]  ; clk_gen:inst1|lpm_counter:cnt_rtl_0|cntr_b67:auto_generated|safe_q[22] ; clk        ; clk      ; None                        ; None                      ; 4.857 ns                ;
; N/A                                     ; 184.47 MHz ( period = 5.421 ns )                    ; clk_gen:inst1|lpm_counter:cnt_rtl_0|cntr_b67:auto_generated|safe_q[1]  ; clk_gen:inst1|lpm_counter:cnt_rtl_0|cntr_b67:auto_generated|safe_q[23] ; clk        ; clk      ; None                        ; None                      ; 4.857 ns                ;
; N/A                                     ; 185.49 MHz ( period = 5.391 ns )                    ; clk_gen:inst1|lpm_counter:cnt_rtl_0|cntr_b67:auto_generated|safe_q[0]  ; clk_gen:inst1|lpm_counter:cnt_rtl_0|cntr_b67:auto_generated|safe_q[22] ; clk        ; clk      ; None                        ; None                      ; 4.827 ns                ;
; N/A                                     ; 185.49 MHz ( period = 5.391 ns )                    ; clk_gen:inst1|lpm_counter:cnt_rtl_0|cntr_b67:auto_generated|safe_q[0]  ; clk_gen:inst1|lpm_counter:cnt_rtl_0|cntr_b67:auto_generated|safe_q[23] ; clk        ; clk      ; None                        ; None                      ; 4.827 ns                ;
; N/A                                     ; 185.80 MHz ( period = 5.382 ns )                    ; clk_gen:inst1|lpm_counter:cnt_rtl_0|cntr_b67:auto_generated|safe_q[2]  ; clk_gen:inst1|lpm_counter:cnt_rtl_0|cntr_b67:auto_generated|safe_q[21] ; clk        ; clk      ; None                        ; None                      ; 4.818 ns                ;
; N/A                                     ; 185.80 MHz ( period = 5.382 ns )                    ; clk_gen:inst1|lpm_counter:cnt_rtl_0|cntr_b67:auto_generated|safe_q[2]  ; clk_gen:inst1|lpm_counter:cnt_rtl_0|cntr_b67:auto_generated|safe_q[19] ; clk        ; clk      ; None                        ; None                      ; 4.818 ns                ;
; N/A                                     ; 185.80 MHz ( period = 5.382 ns )                    ; clk_gen:inst1|lpm_counter:cnt_rtl_0|cntr_b67:auto_generated|safe_q[2]  ; clk_gen:inst1|lpm_counter:cnt_rtl_0|cntr_b67:auto_generated|safe_q[20] ; clk        ; clk      ; None                        ; None                      ; 4.818 ns                ;
; N/A                                     ; 185.80 MHz ( period = 5.382 ns )                    ; clk_gen:inst1|lpm_counter:cnt_rtl_0|cntr_b67:auto_generated|safe_q[2]  ; clk_gen:inst1|lpm_counter:cnt_rtl_0|cntr_b67:auto_generated|safe_q[17] ; clk        ; clk      ; None                        ; None                      ; 4.818 ns                ;
; N/A                                     ; 185.80 MHz ( period = 5.382 ns )                    ; clk_gen:inst1|lpm_counter:cnt_rtl_0|cntr_b67:auto_generated|safe_q[2]  ; clk_gen:inst1|lpm_counter:cnt_rtl_0|cntr_b67:auto_generated|safe_q[18] ; clk        ; clk      ; None                        ; None                      ; 4.818 ns                ;
; N/A                                     ; 190.40 MHz ( period = 5.252 ns )                    ; clk_gen:inst1|lpm_counter:cnt_rtl_0|cntr_b67:auto_generated|safe_q[3]  ; clk_gen:inst1|lpm_counter:cnt_rtl_0|cntr_b67:auto_generated|safe_q[21] ; clk        ; clk      ; None                        ; None                      ; 4.688 ns                ;
; N/A                                     ; 190.40 MHz ( period = 5.252 ns )                    ; clk_gen:inst1|lpm_counter:cnt_rtl_0|cntr_b67:auto_generated|safe_q[3]  ; clk_gen:inst1|lpm_counter:cnt_rtl_0|cntr_b67:auto_generated|safe_q[19] ; clk        ; clk      ; None                        ; None                      ; 4.688 ns                ;
; N/A                                     ; 190.40 MHz ( period = 5.252 ns )                    ; clk_gen:inst1|lpm_counter:cnt_rtl_0|cntr_b67:auto_generated|safe_q[3]  ; clk_gen:inst1|lpm_counter:cnt_rtl_0|cntr_b67:auto_generated|safe_q[20] ; clk        ; clk      ; None                        ; None                      ; 4.688 ns                ;
; N/A                                     ; 190.40 MHz ( period = 5.252 ns )                    ; clk_gen:inst1|lpm_counter:cnt_rtl_0|cntr_b67:auto_generated|safe_q[3]  ; clk_gen:inst1|lpm_counter:cnt_rtl_0|cntr_b67:auto_generated|safe_q[17] ; clk        ; clk      ; None                        ; None                      ; 4.688 ns                ;
; N/A                                     ; 190.40 MHz ( period = 5.252 ns )                    ; clk_gen:inst1|lpm_counter:cnt_rtl_0|cntr_b67:auto_generated|safe_q[3]  ; clk_gen:inst1|lpm_counter:cnt_rtl_0|cntr_b67:auto_generated|safe_q[18] ; clk        ; clk      ; None                        ; None                      ; 4.688 ns                ;
; N/A                                     ; 190.69 MHz ( period = 5.244 ns )                    ; clk_gen:inst1|lpm_counter:cnt_rtl_0|cntr_b67:auto_generated|safe_q[1]  ; clk_gen:inst1|lpm_counter:cnt_rtl_0|cntr_b67:auto_generated|safe_q[21] ; clk        ; clk      ; None                        ; None                      ; 4.680 ns                ;
; N/A                                     ; 190.69 MHz ( period = 5.244 ns )                    ; clk_gen:inst1|lpm_counter:cnt_rtl_0|cntr_b67:auto_generated|safe_q[1]  ; clk_gen:inst1|lpm_counter:cnt_rtl_0|cntr_b67:auto_generated|safe_q[19] ; clk        ; clk      ; None                        ; None                      ; 4.680 ns                ;
; N/A                                     ; 190.69 MHz ( period = 5.244 ns )                    ; clk_gen:inst1|lpm_counter:cnt_rtl_0|cntr_b67:auto_generated|safe_q[1]  ; clk_gen:inst1|lpm_counter:cnt_rtl_0|cntr_b67:auto_generated|safe_q[20] ; clk        ; clk      ; None                        ; None                      ; 4.680 ns                ;
; N/A                                     ; 190.69 MHz ( period = 5.244 ns )                    ; clk_gen:inst1|lpm_counter:cnt_rtl_0|cntr_b67:auto_generated|safe_q[1]  ; clk_gen:inst1|lpm_counter:cnt_rtl_0|cntr_b67:auto_generated|safe_q[17] ; clk        ; clk      ; None                        ; None                      ; 4.680 ns                ;
; N/A                                     ; 190.69 MHz ( period = 5.244 ns )                    ; clk_gen:inst1|lpm_counter:cnt_rtl_0|cntr_b67:auto_generated|safe_q[1]  ; clk_gen:inst1|lpm_counter:cnt_rtl_0|cntr_b67:auto_generated|safe_q[18] ; clk        ; clk      ; None                        ; None                      ; 4.680 ns                ;
; N/A                                     ; 191.57 MHz ( period = 5.220 ns )                    ; clk_gen:inst1|lpm_counter:cnt_rtl_0|cntr_b67:auto_generated|safe_q[4]  ; clk_gen:inst1|lpm_counter:cnt_rtl_0|cntr_b67:auto_generated|safe_q[22] ; clk        ; clk      ; None                        ; None                      ; 4.656 ns                ;
; N/A                                     ; 191.57 MHz ( period = 5.220 ns )                    ; clk_gen:inst1|lpm_counter:cnt_rtl_0|cntr_b67:auto_generated|safe_q[4]  ; clk_gen:inst1|lpm_counter:cnt_rtl_0|cntr_b67:auto_generated|safe_q[23] ; clk        ; clk      ; None                        ; None                      ; 4.656 ns                ;
; N/A                                     ; 191.79 MHz ( period = 5.214 ns )                    ; clk_gen:inst1|lpm_counter:cnt_rtl_0|cntr_b67:auto_generated|safe_q[0]  ; clk_gen:inst1|lpm_counter:cnt_rtl_0|cntr_b67:auto_generated|safe_q[21] ; clk        ; clk      ; None                        ; None                      ; 4.650 ns                ;
; N/A                                     ; 191.79 MHz ( period = 5.214 ns )                    ; clk_gen:inst1|lpm_counter:cnt_rtl_0|cntr_b67:auto_generated|safe_q[0]  ; clk_gen:inst1|lpm_counter:cnt_rtl_0|cntr_b67:auto_generated|safe_q[19] ; clk        ; clk      ; None                        ; None                      ; 4.650 ns                ;
; N/A                                     ; 191.79 MHz ( period = 5.214 ns )                    ; clk_gen:inst1|lpm_counter:cnt_rtl_0|cntr_b67:auto_generated|safe_q[0]  ; clk_gen:inst1|lpm_counter:cnt_rtl_0|cntr_b67:auto_generated|safe_q[20] ; clk        ; clk      ; None                        ; None                      ; 4.650 ns                ;
; N/A                                     ; 191.79 MHz ( period = 5.214 ns )                    ; clk_gen:inst1|lpm_counter:cnt_rtl_0|cntr_b67:auto_generated|safe_q[0]  ; clk_gen:inst1|lpm_counter:cnt_rtl_0|cntr_b67:auto_generated|safe_q[17] ; clk        ; clk      ; None                        ; None                      ; 4.650 ns                ;
; N/A                                     ; 191.79 MHz ( period = 5.214 ns )                    ; clk_gen:inst1|lpm_counter:cnt_rtl_0|cntr_b67:auto_generated|safe_q[0]  ; clk_gen:inst1|lpm_counter:cnt_rtl_0|cntr_b67:auto_generated|safe_q[18] ; clk        ; clk      ; None                        ; None                      ; 4.650 ns                ;
; N/A                                     ; 193.24 MHz ( period = 5.175 ns )                    ; clk_gen:inst1|lpm_counter:cnt_rtl_0|cntr_b67:auto_generated|safe_q[5]  ; clk_gen:inst1|lpm_counter:cnt_rtl_0|cntr_b67:auto_generated|safe_q[22] ; clk        ; clk      ; None                        ; None                      ; 4.611 ns                ;
; N/A                                     ; 193.24 MHz ( period = 5.175 ns )                    ; clk_gen:inst1|lpm_counter:cnt_rtl_0|cntr_b67:auto_generated|safe_q[5]  ; clk_gen:inst1|lpm_counter:cnt_rtl_0|cntr_b67:auto_generated|safe_q[23] ; clk        ; clk      ; None                        ; None                      ; 4.611 ns                ;
; N/A                                     ; 196.66 MHz ( period = 5.085 ns )                    ; clk_gen:inst1|lpm_counter:cnt_rtl_0|cntr_b67:auto_generated|safe_q[6]  ; clk_gen:inst1|lpm_counter:cnt_rtl_0|cntr_b67:auto_generated|safe_q[22] ; clk        ; clk      ; None                        ; None                      ; 4.521 ns                ;
; N/A                                     ; 196.66 MHz ( period = 5.085 ns )                    ; clk_gen:inst1|lpm_counter:cnt_rtl_0|cntr_b67:auto_generated|safe_q[6]  ; clk_gen:inst1|lpm_counter:cnt_rtl_0|cntr_b67:auto_generated|safe_q[23] ; clk        ; clk      ; None                        ; None                      ; 4.521 ns                ;
; N/A                                     ; 197.43 MHz ( period = 5.065 ns )                    ; clk_gen:inst1|lpm_counter:cnt_rtl_0|cntr_b67:auto_generated|safe_q[7]  ; clk_gen:inst1|lpm_counter:cnt_rtl_0|cntr_b67:auto_generated|safe_q[22] ; clk        ; clk      ; None                        ; None                      ; 4.501 ns                ;
; N/A                                     ; 197.43 MHz ( period = 5.065 ns )                    ; clk_gen:inst1|lpm_counter:cnt_rtl_0|cntr_b67:auto_generated|safe_q[7]  ; clk_gen:inst1|lpm_counter:cnt_rtl_0|cntr_b67:auto_generated|safe_q[23] ; clk        ; clk      ; None                        ; None                      ; 4.501 ns                ;
; N/A                                     ; 198.29 MHz ( period = 5.043 ns )                    ; clk_gen:inst1|lpm_counter:cnt_rtl_0|cntr_b67:auto_generated|safe_q[4]  ; clk_gen:inst1|lpm_counter:cnt_rtl_0|cntr_b67:auto_generated|safe_q[21] ; clk        ; clk      ; None                        ; None                      ; 4.479 ns                ;
; N/A                                     ; 198.29 MHz ( period = 5.043 ns )                    ; clk_gen:inst1|lpm_counter:cnt_rtl_0|cntr_b67:auto_generated|safe_q[4]  ; clk_gen:inst1|lpm_counter:cnt_rtl_0|cntr_b67:auto_generated|safe_q[19] ; clk        ; clk      ; None                        ; None                      ; 4.479 ns                ;
; N/A                                     ; 198.29 MHz ( period = 5.043 ns )                    ; clk_gen:inst1|lpm_counter:cnt_rtl_0|cntr_b67:auto_generated|safe_q[4]  ; clk_gen:inst1|lpm_counter:cnt_rtl_0|cntr_b67:auto_generated|safe_q[20] ; clk        ; clk      ; None                        ; None                      ; 4.479 ns                ;
; N/A                                     ; 198.29 MHz ( period = 5.043 ns )                    ; clk_gen:inst1|lpm_counter:cnt_rtl_0|cntr_b67:auto_generated|safe_q[4]  ; clk_gen:inst1|lpm_counter:cnt_rtl_0|cntr_b67:auto_generated|safe_q[17] ; clk        ; clk      ; None                        ; None                      ; 4.479 ns                ;
; N/A                                     ; 198.29 MHz ( period = 5.043 ns )                    ; clk_gen:inst1|lpm_counter:cnt_rtl_0|cntr_b67:auto_generated|safe_q[4]  ; clk_gen:inst1|lpm_counter:cnt_rtl_0|cntr_b67:auto_generated|safe_q[18] ; clk        ; clk      ; None                        ; None                      ; 4.479 ns                ;
; N/A                                     ; 200.08 MHz ( period = 4.998 ns )                    ; clk_gen:inst1|lpm_counter:cnt_rtl_0|cntr_b67:auto_generated|safe_q[5]  ; clk_gen:inst1|lpm_counter:cnt_rtl_0|cntr_b67:auto_generated|safe_q[21] ; clk        ; clk      ; None                        ; None                      ; 4.434 ns                ;
; N/A                                     ; 200.08 MHz ( period = 4.998 ns )                    ; clk_gen:inst1|lpm_counter:cnt_rtl_0|cntr_b67:auto_generated|safe_q[5]  ; clk_gen:inst1|lpm_counter:cnt_rtl_0|cntr_b67:auto_generated|safe_q[19] ; clk        ; clk      ; None                        ; None                      ; 4.434 ns                ;
; N/A                                     ; 200.08 MHz ( period = 4.998 ns )                    ; clk_gen:inst1|lpm_counter:cnt_rtl_0|cntr_b67:auto_generated|safe_q[5]  ; clk_gen:inst1|lpm_counter:cnt_rtl_0|cntr_b67:auto_generated|safe_q[20] ; clk        ; clk      ; None                        ; None                      ; 4.434 ns                ;
; N/A                                     ; 200.08 MHz ( period = 4.998 ns )                    ; clk_gen:inst1|lpm_counter:cnt_rtl_0|cntr_b67:auto_generated|safe_q[5]  ; clk_gen:inst1|lpm_counter:cnt_rtl_0|cntr_b67:auto_generated|safe_q[17] ; clk        ; clk      ; None                        ; None                      ; 4.434 ns                ;
; N/A                                     ; 200.08 MHz ( period = 4.998 ns )                    ; clk_gen:inst1|lpm_counter:cnt_rtl_0|cntr_b67:auto_generated|safe_q[5]  ; clk_gen:inst1|lpm_counter:cnt_rtl_0|cntr_b67:auto_generated|safe_q[18] ; clk        ; clk      ; None                        ; None                      ; 4.434 ns                ;
; N/A                                     ; 201.94 MHz ( period = 4.952 ns )                    ; clk_gen:inst1|lpm_counter:cnt_rtl_0|cntr_b67:auto_generated|safe_q[2]  ; clk_gen:inst1|lpm_counter:cnt_rtl_0|cntr_b67:auto_generated|safe_q[15] ; clk        ; clk      ; None                        ; None                      ; 4.388 ns                ;
; N/A                                     ; 201.94 MHz ( period = 4.952 ns )                    ; clk_gen:inst1|lpm_counter:cnt_rtl_0|cntr_b67:auto_generated|safe_q[2]  ; clk_gen:inst1|lpm_counter:cnt_rtl_0|cntr_b67:auto_generated|safe_q[16] ; clk        ; clk      ; None                        ; None                      ; 4.388 ns                ;
; N/A                                     ; 201.94 MHz ( period = 4.952 ns )                    ; clk_gen:inst1|lpm_counter:cnt_rtl_0|cntr_b67:auto_generated|safe_q[2]  ; clk_gen:inst1|lpm_counter:cnt_rtl_0|cntr_b67:auto_generated|safe_q[14] ; clk        ; clk      ; None                        ; None                      ; 4.388 ns                ;
; N/A                                     ; 201.94 MHz ( period = 4.952 ns )                    ; clk_gen:inst1|lpm_counter:cnt_rtl_0|cntr_b67:auto_generated|safe_q[2]  ; clk_gen:inst1|lpm_counter:cnt_rtl_0|cntr_b67:auto_generated|safe_q[12] ; clk        ; clk      ; None                        ; None                      ; 4.388 ns                ;
; N/A                                     ; 201.94 MHz ( period = 4.952 ns )                    ; clk_gen:inst1|lpm_counter:cnt_rtl_0|cntr_b67:auto_generated|safe_q[2]  ; clk_gen:inst1|lpm_counter:cnt_rtl_0|cntr_b67:auto_generated|safe_q[13] ; clk        ; clk      ; None                        ; None                      ; 4.388 ns                ;
; N/A                                     ; 202.47 MHz ( period = 4.939 ns )                    ; clk_gen:inst1|lpm_counter:cnt_rtl_0|cntr_b67:auto_generated|safe_q[8]  ; clk_gen:inst1|lpm_counter:cnt_rtl_0|cntr_b67:auto_generated|safe_q[22] ; clk        ; clk      ; None                        ; None                      ; 4.375 ns                ;
; N/A                                     ; 202.47 MHz ( period = 4.939 ns )                    ; clk_gen:inst1|lpm_counter:cnt_rtl_0|cntr_b67:auto_generated|safe_q[8]  ; clk_gen:inst1|lpm_counter:cnt_rtl_0|cntr_b67:auto_generated|safe_q[23] ; clk        ; clk      ; None                        ; None                      ; 4.375 ns                ;
; N/A                                     ; 202.88 MHz ( period = 4.929 ns )                    ; clk_gen:inst1|lpm_counter:cnt_rtl_0|cntr_b67:auto_generated|safe_q[12] ; clk_gen:inst1|lpm_counter:cnt_rtl_0|cntr_b67:auto_generated|safe_q[22] ; clk        ; clk      ; None                        ; None                      ; 4.365 ns                ;
; N/A                                     ; 202.88 MHz ( period = 4.929 ns )                    ; clk_gen:inst1|lpm_counter:cnt_rtl_0|cntr_b67:auto_generated|safe_q[12] ; clk_gen:inst1|lpm_counter:cnt_rtl_0|cntr_b67:auto_generated|safe_q[23] ; clk        ; clk      ; None                        ; None                      ; 4.365 ns                ;
; N/A                                     ; 203.75 MHz ( period = 4.908 ns )                    ; clk_gen:inst1|lpm_counter:cnt_rtl_0|cntr_b67:auto_generated|safe_q[6]  ; clk_gen:inst1|lpm_counter:cnt_rtl_0|cntr_b67:auto_generated|safe_q[21] ; clk        ; clk      ; None                        ; None                      ; 4.344 ns                ;
; N/A                                     ; 203.75 MHz ( period = 4.908 ns )                    ; clk_gen:inst1|lpm_counter:cnt_rtl_0|cntr_b67:auto_generated|safe_q[6]  ; clk_gen:inst1|lpm_counter:cnt_rtl_0|cntr_b67:auto_generated|safe_q[19] ; clk        ; clk      ; None                        ; None                      ; 4.344 ns                ;
; N/A                                     ; 203.75 MHz ( period = 4.908 ns )                    ; clk_gen:inst1|lpm_counter:cnt_rtl_0|cntr_b67:auto_generated|safe_q[6]  ; clk_gen:inst1|lpm_counter:cnt_rtl_0|cntr_b67:auto_generated|safe_q[20] ; clk        ; clk      ; None                        ; None                      ; 4.344 ns                ;
; N/A                                     ; 203.75 MHz ( period = 4.908 ns )                    ; clk_gen:inst1|lpm_counter:cnt_rtl_0|cntr_b67:auto_generated|safe_q[6]  ; clk_gen:inst1|lpm_counter:cnt_rtl_0|cntr_b67:auto_generated|safe_q[17] ; clk        ; clk      ; None                        ; None                      ; 4.344 ns                ;
; N/A                                     ; 203.75 MHz ( period = 4.908 ns )                    ; clk_gen:inst1|lpm_counter:cnt_rtl_0|cntr_b67:auto_generated|safe_q[6]  ; clk_gen:inst1|lpm_counter:cnt_rtl_0|cntr_b67:auto_generated|safe_q[18] ; clk        ; clk      ; None                        ; None                      ; 4.344 ns                ;
; N/A                                     ; 204.58 MHz ( period = 4.888 ns )                    ; clk_gen:inst1|lpm_counter:cnt_rtl_0|cntr_b67:auto_generated|safe_q[7]  ; clk_gen:inst1|lpm_counter:cnt_rtl_0|cntr_b67:auto_generated|safe_q[21] ; clk        ; clk      ; None                        ; None                      ; 4.324 ns                ;
; N/A                                     ; 204.58 MHz ( period = 4.888 ns )                    ; clk_gen:inst1|lpm_counter:cnt_rtl_0|cntr_b67:auto_generated|safe_q[7]  ; clk_gen:inst1|lpm_counter:cnt_rtl_0|cntr_b67:auto_generated|safe_q[19] ; clk        ; clk      ; None                        ; None                      ; 4.324 ns                ;
; N/A                                     ; 204.58 MHz ( period = 4.888 ns )                    ; clk_gen:inst1|lpm_counter:cnt_rtl_0|cntr_b67:auto_generated|safe_q[7]  ; clk_gen:inst1|lpm_counter:cnt_rtl_0|cntr_b67:auto_generated|safe_q[20] ; clk        ; clk      ; None                        ; None                      ; 4.324 ns                ;
; N/A                                     ; 204.58 MHz ( period = 4.888 ns )                    ; clk_gen:inst1|lpm_counter:cnt_rtl_0|cntr_b67:auto_generated|safe_q[7]  ; clk_gen:inst1|lpm_counter:cnt_rtl_0|cntr_b67:auto_generated|safe_q[17] ; clk        ; clk      ; None                        ; None                      ; 4.324 ns                ;
; N/A                                     ; 204.58 MHz ( period = 4.888 ns )                    ; clk_gen:inst1|lpm_counter:cnt_rtl_0|cntr_b67:auto_generated|safe_q[7]  ; clk_gen:inst1|lpm_counter:cnt_rtl_0|cntr_b67:auto_generated|safe_q[18] ; clk        ; clk      ; None                        ; None                      ; 4.324 ns                ;
; N/A                                     ; 206.14 MHz ( period = 4.851 ns )                    ; traffic_sm:inst2|present_state.s1                                      ; bin2seg0_scan:inst|bin[3]                                              ; clk        ; clk      ; None                        ; None                      ; 4.999 ns                ;
; N/A                                     ; 207.38 MHz ( period = 4.822 ns )                    ; clk_gen:inst1|lpm_counter:cnt_rtl_0|cntr_b67:auto_generated|safe_q[3]  ; clk_gen:inst1|lpm_counter:cnt_rtl_0|cntr_b67:auto_generated|safe_q[15] ; clk        ; clk      ; None                        ; None                      ; 4.258 ns                ;
; N/A                                     ; 207.38 MHz ( period = 4.822 ns )                    ; clk_gen:inst1|lpm_counter:cnt_rtl_0|cntr_b67:auto_generated|safe_q[3]  ; clk_gen:inst1|lpm_counter:cnt_rtl_0|cntr_b67:auto_generated|safe_q[16] ; clk        ; clk      ; None                        ; None                      ; 4.258 ns                ;
; N/A                                     ; 207.38 MHz ( period = 4.822 ns )                    ; clk_gen:inst1|lpm_counter:cnt_rtl_0|cntr_b67:auto_generated|safe_q[3]  ; clk_gen:inst1|lpm_counter:cnt_rtl_0|cntr_b67:auto_generated|safe_q[14] ; clk        ; clk      ; None                        ; None                      ; 4.258 ns                ;
; N/A                                     ; 207.38 MHz ( period = 4.822 ns )                    ; clk_gen:inst1|lpm_counter:cnt_rtl_0|cntr_b67:auto_generated|safe_q[3]  ; clk_gen:inst1|lpm_counter:cnt_rtl_0|cntr_b67:auto_generated|safe_q[12] ; clk        ; clk      ; None                        ; None                      ; 4.258 ns                ;
; N/A                                     ; 207.38 MHz ( period = 4.822 ns )                    ; clk_gen:inst1|lpm_counter:cnt_rtl_0|cntr_b67:auto_generated|safe_q[3]  ; clk_gen:inst1|lpm_counter:cnt_rtl_0|cntr_b67:auto_generated|safe_q[13] ; clk        ; clk      ; None                        ; None                      ; 4.258 ns                ;
; N/A                                     ; 207.73 MHz ( period = 4.814 ns )                    ; clk_gen:inst1|lpm_counter:cnt_rtl_0|cntr_b67:auto_generated|safe_q[1]  ; clk_gen:inst1|lpm_counter:cnt_rtl_0|cntr_b67:auto_generated|safe_q[15] ; clk        ; clk      ; None                        ; None                      ; 4.250 ns                ;
; N/A                                     ; 207.73 MHz ( period = 4.814 ns )                    ; clk_gen:inst1|lpm_counter:cnt_rtl_0|cntr_b67:auto_generated|safe_q[1]  ; clk_gen:inst1|lpm_counter:cnt_rtl_0|cntr_b67:auto_generated|safe_q[16] ; clk        ; clk      ; None                        ; None                      ; 4.250 ns                ;
; N/A                                     ; 207.73 MHz ( period = 4.814 ns )                    ; clk_gen:inst1|lpm_counter:cnt_rtl_0|cntr_b67:auto_generated|safe_q[1]  ; clk_gen:inst1|lpm_counter:cnt_rtl_0|cntr_b67:auto_generated|safe_q[14] ; clk        ; clk      ; None                        ; None                      ; 4.250 ns                ;
; N/A                                     ; 207.73 MHz ( period = 4.814 ns )                    ; clk_gen:inst1|lpm_counter:cnt_rtl_0|cntr_b67:auto_generated|safe_q[1]  ; clk_gen:inst1|lpm_counter:cnt_rtl_0|cntr_b67:auto_generated|safe_q[12] ; clk        ; clk      ; None                        ; None                      ; 4.250 ns                ;
; N/A                                     ; 207.73 MHz ( period = 4.814 ns )                    ; clk_gen:inst1|lpm_counter:cnt_rtl_0|cntr_b67:auto_generated|safe_q[1]  ; clk_gen:inst1|lpm_counter:cnt_rtl_0|cntr_b67:auto_generated|safe_q[13] ; clk        ; clk      ; None                        ; None                      ; 4.250 ns                ;
; N/A                                     ; 207.77 MHz ( period = 4.813 ns )                    ; clk_gen:inst1|lpm_counter:cnt_rtl_0|cntr_b67:auto_generated|safe_q[9]  ; clk_gen:inst1|lpm_counter:cnt_rtl_0|cntr_b67:auto_generated|safe_q[22] ; clk        ; clk      ; None                        ; None                      ; 4.249 ns                ;
; N/A                                     ; 207.77 MHz ( period = 4.813 ns )                    ; clk_gen:inst1|lpm_counter:cnt_rtl_0|cntr_b67:auto_generated|safe_q[9]  ; clk_gen:inst1|lpm_counter:cnt_rtl_0|cntr_b67:auto_generated|safe_q[23] ; clk        ; clk      ; None                        ; None                      ; 4.249 ns                ;
; N/A                                     ; 208.29 MHz ( period = 4.801 ns )                    ; clk_gen:inst1|lpm_counter:cnt_rtl_0|cntr_b67:auto_generated|safe_q[13] ; clk_gen:inst1|lpm_counter:cnt_rtl_0|cntr_b67:auto_generated|safe_q[22] ; clk        ; clk      ; None                        ; None                      ; 4.237 ns                ;
; N/A                                     ; 208.29 MHz ( period = 4.801 ns )                    ; clk_gen:inst1|lpm_counter:cnt_rtl_0|cntr_b67:auto_generated|safe_q[13] ; clk_gen:inst1|lpm_counter:cnt_rtl_0|cntr_b67:auto_generated|safe_q[23] ; clk        ; clk      ; None                        ; None                      ; 4.237 ns                ;
; N/A                                     ; 208.59 MHz ( period = 4.794 ns )                    ; clk_gen:inst1|lpm_counter:cnt_rtl_0|cntr_b67:auto_generated|safe_q[11] ; clk_gen:inst1|lpm_counter:cnt_rtl_0|cntr_b67:auto_generated|safe_q[22] ; clk        ; clk      ; None                        ; None                      ; 4.230 ns                ;
; N/A                                     ; 208.59 MHz ( period = 4.794 ns )                    ; clk_gen:inst1|lpm_counter:cnt_rtl_0|cntr_b67:auto_generated|safe_q[11] ; clk_gen:inst1|lpm_counter:cnt_rtl_0|cntr_b67:auto_generated|safe_q[23] ; clk        ; clk      ; None                        ; None                      ; 4.230 ns                ;
; N/A                                     ; 209.03 MHz ( period = 4.784 ns )                    ; clk_gen:inst1|lpm_counter:cnt_rtl_0|cntr_b67:auto_generated|safe_q[0]  ; clk_gen:inst1|lpm_counter:cnt_rtl_0|cntr_b67:auto_generated|safe_q[15] ; clk        ; clk      ; None                        ; None                      ; 4.220 ns                ;
; N/A                                     ; 209.03 MHz ( period = 4.784 ns )                    ; clk_gen:inst1|lpm_counter:cnt_rtl_0|cntr_b67:auto_generated|safe_q[0]  ; clk_gen:inst1|lpm_counter:cnt_rtl_0|cntr_b67:auto_generated|safe_q[16] ; clk        ; clk      ; None                        ; None                      ; 4.220 ns                ;
; N/A                                     ; 209.03 MHz ( period = 4.784 ns )                    ; clk_gen:inst1|lpm_counter:cnt_rtl_0|cntr_b67:auto_generated|safe_q[0]  ; clk_gen:inst1|lpm_counter:cnt_rtl_0|cntr_b67:auto_generated|safe_q[14] ; clk        ; clk      ; None                        ; None                      ; 4.220 ns                ;
; N/A                                     ; 209.03 MHz ( period = 4.784 ns )                    ; clk_gen:inst1|lpm_counter:cnt_rtl_0|cntr_b67:auto_generated|safe_q[0]  ; clk_gen:inst1|lpm_counter:cnt_rtl_0|cntr_b67:auto_generated|safe_q[12] ; clk        ; clk      ; None                        ; None                      ; 4.220 ns                ;
; N/A                                     ; 209.03 MHz ( period = 4.784 ns )                    ; clk_gen:inst1|lpm_counter:cnt_rtl_0|cntr_b67:auto_generated|safe_q[0]  ; clk_gen:inst1|lpm_counter:cnt_rtl_0|cntr_b67:auto_generated|safe_q[13] ; clk        ; clk      ; None                        ; None                      ; 4.220 ns                ;
; N/A                                     ; 209.42 MHz ( period = 4.775 ns )                    ; clk_gen:inst1|lpm_counter:cnt_rtl_0|cntr_b67:auto_generated|safe_q[2]  ; clk_gen:inst1|lpm_counter:cnt_rtl_0|cntr_b67:auto_generated|safe_q[10] ; clk        ; clk      ; None                        ; None                      ; 4.211 ns                ;
; N/A                                     ; 209.42 MHz ( period = 4.775 ns )                    ; clk_gen:inst1|lpm_counter:cnt_rtl_0|cntr_b67:auto_generated|safe_q[2]  ; clk_gen:inst1|lpm_counter:cnt_rtl_0|cntr_b67:auto_generated|safe_q[9]  ; clk        ; clk      ; None                        ; None                      ; 4.211 ns                ;
; N/A                                     ; 209.42 MHz ( period = 4.775 ns )                    ; clk_gen:inst1|lpm_counter:cnt_rtl_0|cntr_b67:auto_generated|safe_q[2]  ; clk_gen:inst1|lpm_counter:cnt_rtl_0|cntr_b67:auto_generated|safe_q[8]  ; clk        ; clk      ; None                        ; None                      ; 4.211 ns                ;
; N/A                                     ; 209.42 MHz ( period = 4.775 ns )                    ; clk_gen:inst1|lpm_counter:cnt_rtl_0|cntr_b67:auto_generated|safe_q[2]  ; clk_gen:inst1|lpm_counter:cnt_rtl_0|cntr_b67:auto_generated|safe_q[7]  ; clk        ; clk      ; None                        ; None                      ; 4.211 ns                ;
; N/A                                     ; 209.42 MHz ( period = 4.775 ns )                    ; clk_gen:inst1|lpm_counter:cnt_rtl_0|cntr_b67:auto_generated|safe_q[2]  ; clk_gen:inst1|lpm_counter:cnt_rtl_0|cntr_b67:auto_generated|safe_q[11] ; clk        ; clk      ; None                        ; None                      ; 4.211 ns                ;
; N/A                                     ; 209.91 MHz ( period = 4.764 ns )                    ; clk_gen:inst1|lpm_counter:cnt_rtl_0|cntr_b67:auto_generated|safe_q[10] ; clk_gen:inst1|lpm_counter:cnt_rtl_0|cntr_b67:auto_generated|safe_q[22] ; clk        ; clk      ; None                        ; None                      ; 4.200 ns                ;
; N/A                                     ; 209.91 MHz ( period = 4.764 ns )                    ; clk_gen:inst1|lpm_counter:cnt_rtl_0|cntr_b67:auto_generated|safe_q[10] ; clk_gen:inst1|lpm_counter:cnt_rtl_0|cntr_b67:auto_generated|safe_q[23] ; clk        ; clk      ; None                        ; None                      ; 4.200 ns                ;
; N/A                                     ; 210.00 MHz ( period = 4.762 ns )                    ; clk_gen:inst1|lpm_counter:cnt_rtl_0|cntr_b67:auto_generated|safe_q[8]  ; clk_gen:inst1|lpm_counter:cnt_rtl_0|cntr_b67:auto_generated|safe_q[21] ; clk        ; clk      ; None                        ; None                      ; 4.198 ns                ;
; N/A                                     ; 210.00 MHz ( period = 4.762 ns )                    ; clk_gen:inst1|lpm_counter:cnt_rtl_0|cntr_b67:auto_generated|safe_q[8]  ; clk_gen:inst1|lpm_counter:cnt_rtl_0|cntr_b67:auto_generated|safe_q[19] ; clk        ; clk      ; None                        ; None                      ; 4.198 ns                ;
; N/A                                     ; 210.00 MHz ( period = 4.762 ns )                    ; clk_gen:inst1|lpm_counter:cnt_rtl_0|cntr_b67:auto_generated|safe_q[8]  ; clk_gen:inst1|lpm_counter:cnt_rtl_0|cntr_b67:auto_generated|safe_q[20] ; clk        ; clk      ; None                        ; None                      ; 4.198 ns                ;
; N/A                                     ; 210.00 MHz ( period = 4.762 ns )                    ; clk_gen:inst1|lpm_counter:cnt_rtl_0|cntr_b67:auto_generated|safe_q[8]  ; clk_gen:inst1|lpm_counter:cnt_rtl_0|cntr_b67:auto_generated|safe_q[17] ; clk        ; clk      ; None                        ; None                      ; 4.198 ns                ;
; N/A                                     ; 210.00 MHz ( period = 4.762 ns )                    ; clk_gen:inst1|lpm_counter:cnt_rtl_0|cntr_b67:auto_generated|safe_q[8]  ; clk_gen:inst1|lpm_counter:cnt_rtl_0|cntr_b67:auto_generated|safe_q[18] ; clk        ; clk      ; None                        ; None                      ; 4.198 ns                ;
; N/A                                     ; 210.44 MHz ( period = 4.752 ns )                    ; clk_gen:inst1|lpm_counter:cnt_rtl_0|cntr_b67:auto_generated|safe_q[12] ; clk_gen:inst1|lpm_counter:cnt_rtl_0|cntr_b67:auto_generated|safe_q[21] ; clk        ; clk      ; None                        ; None                      ; 4.188 ns                ;
; N/A                                     ; 210.44 MHz ( period = 4.752 ns )                    ; clk_gen:inst1|lpm_counter:cnt_rtl_0|cntr_b67:auto_generated|safe_q[12] ; clk_gen:inst1|lpm_counter:cnt_rtl_0|cntr_b67:auto_generated|safe_q[19] ; clk        ; clk      ; None                        ; None                      ; 4.188 ns                ;
; N/A                                     ; 210.44 MHz ( period = 4.752 ns )                    ; clk_gen:inst1|lpm_counter:cnt_rtl_0|cntr_b67:auto_generated|safe_q[12] ; clk_gen:inst1|lpm_counter:cnt_rtl_0|cntr_b67:auto_generated|safe_q[20] ; clk        ; clk      ; None                        ; None                      ; 4.188 ns                ;
; N/A                                     ; 210.44 MHz ( period = 4.752 ns )                    ; clk_gen:inst1|lpm_counter:cnt_rtl_0|cntr_b67:auto_generated|safe_q[12] ; clk_gen:inst1|lpm_counter:cnt_rtl_0|cntr_b67:auto_generated|safe_q[17] ; clk        ; clk      ; None                        ; None                      ; 4.188 ns                ;
; N/A                                     ; 210.44 MHz ( period = 4.752 ns )                    ; clk_gen:inst1|lpm_counter:cnt_rtl_0|cntr_b67:auto_generated|safe_q[12] ; clk_gen:inst1|lpm_counter:cnt_rtl_0|cntr_b67:auto_generated|safe_q[18] ; clk        ; clk      ; None                        ; None                      ; 4.188 ns                ;
; N/A                                     ; 211.51 MHz ( period = 4.728 ns )                    ; traffic_sm:inst2|present_state.s0                                      ; bin2seg0_scan:inst|bin[3]                                              ; clk        ; clk      ; None                        ; None                      ; 4.876 ns                ;
; N/A                                     ; 215.29 MHz ( period = 4.645 ns )                    ; clk_gen:inst1|lpm_counter:cnt_rtl_0|cntr_b67:auto_generated|safe_q[3]  ; clk_gen:inst1|lpm_counter:cnt_rtl_0|cntr_b67:auto_generated|safe_q[10] ; clk        ; clk      ; None                        ; None                      ; 4.081 ns                ;
; N/A                                     ; 215.29 MHz ( period = 4.645 ns )                    ; clk_gen:inst1|lpm_counter:cnt_rtl_0|cntr_b67:auto_generated|safe_q[3]  ; clk_gen:inst1|lpm_counter:cnt_rtl_0|cntr_b67:auto_generated|safe_q[9]  ; clk        ; clk      ; None                        ; None                      ; 4.081 ns                ;
; N/A                                     ; 215.29 MHz ( period = 4.645 ns )                    ; clk_gen:inst1|lpm_counter:cnt_rtl_0|cntr_b67:auto_generated|safe_q[3]  ; clk_gen:inst1|lpm_counter:cnt_rtl_0|cntr_b67:auto_generated|safe_q[8]  ; clk        ; clk      ; None                        ; None                      ; 4.081 ns                ;
; N/A                                     ; 215.29 MHz ( period = 4.645 ns )                    ; clk_gen:inst1|lpm_counter:cnt_rtl_0|cntr_b67:auto_generated|safe_q[3]  ; clk_gen:inst1|lpm_counter:cnt_rtl_0|cntr_b67:auto_generated|safe_q[7]  ; clk        ; clk      ; None                        ; None                      ; 4.081 ns                ;
; N/A                                     ; 215.29 MHz ( period = 4.645 ns )                    ; clk_gen:inst1|lpm_counter:cnt_rtl_0|cntr_b67:auto_generated|safe_q[3]  ; clk_gen:inst1|lpm_counter:cnt_rtl_0|cntr_b67:auto_generated|safe_q[11] ; clk        ; clk      ; None                        ; None                      ; 4.081 ns                ;
; N/A                                     ; 215.66 MHz ( period = 4.637 ns )                    ; clk_gen:inst1|lpm_counter:cnt_rtl_0|cntr_b67:auto_generated|safe_q[1]  ; clk_gen:inst1|lpm_counter:cnt_rtl_0|cntr_b67:auto_generated|safe_q[10] ; clk        ; clk      ; None                        ; None                      ; 4.073 ns                ;
; N/A                                     ; 215.66 MHz ( period = 4.637 ns )                    ; clk_gen:inst1|lpm_counter:cnt_rtl_0|cntr_b67:auto_generated|safe_q[1]  ; clk_gen:inst1|lpm_counter:cnt_rtl_0|cntr_b67:auto_generated|safe_q[9]  ; clk        ; clk      ; None                        ; None                      ; 4.073 ns                ;
; N/A                                     ; 215.66 MHz ( period = 4.637 ns )                    ; clk_gen:inst1|lpm_counter:cnt_rtl_0|cntr_b67:auto_generated|safe_q[1]  ; clk_gen:inst1|lpm_counter:cnt_rtl_0|cntr_b67:auto_generated|safe_q[8]  ; clk        ; clk      ; None                        ; None                      ; 4.073 ns                ;
; N/A                                     ; 215.66 MHz ( period = 4.637 ns )                    ; clk_gen:inst1|lpm_counter:cnt_rtl_0|cntr_b67:auto_generated|safe_q[1]  ; clk_gen:inst1|lpm_counter:cnt_rtl_0|cntr_b67:auto_generated|safe_q[7]  ; clk        ; clk      ; None                        ; None                      ; 4.073 ns                ;
; N/A                                     ; 215.66 MHz ( period = 4.637 ns )                    ; clk_gen:inst1|lpm_counter:cnt_rtl_0|cntr_b67:auto_generated|safe_q[1]  ; clk_gen:inst1|lpm_counter:cnt_rtl_0|cntr_b67:auto_generated|safe_q[11] ; clk        ; clk      ; None                        ; None                      ; 4.073 ns                ;
; N/A                                     ; 215.70 MHz ( period = 4.636 ns )                    ; clk_gen:inst1|lpm_counter:cnt_rtl_0|cntr_b67:auto_generated|safe_q[9]  ; clk_gen:inst1|lpm_counter:cnt_rtl_0|cntr_b67:auto_generated|safe_q[21] ; clk        ; clk      ; None                        ; None                      ; 4.072 ns                ;
; N/A                                     ; 215.70 MHz ( period = 4.636 ns )                    ; clk_gen:inst1|lpm_counter:cnt_rtl_0|cntr_b67:auto_generated|safe_q[9]  ; clk_gen:inst1|lpm_counter:cnt_rtl_0|cntr_b67:auto_generated|safe_q[19] ; clk        ; clk      ; None                        ; None                      ; 4.072 ns                ;
; N/A                                     ; 215.70 MHz ( period = 4.636 ns )                    ; clk_gen:inst1|lpm_counter:cnt_rtl_0|cntr_b67:auto_generated|safe_q[9]  ; clk_gen:inst1|lpm_counter:cnt_rtl_0|cntr_b67:auto_generated|safe_q[20] ; clk        ; clk      ; None                        ; None                      ; 4.072 ns                ;
; N/A                                     ; 215.70 MHz ( period = 4.636 ns )                    ; clk_gen:inst1|lpm_counter:cnt_rtl_0|cntr_b67:auto_generated|safe_q[9]  ; clk_gen:inst1|lpm_counter:cnt_rtl_0|cntr_b67:auto_generated|safe_q[17] ; clk        ; clk      ; None                        ; None                      ; 4.072 ns                ;
; N/A                                     ; 215.70 MHz ( period = 4.636 ns )                    ; clk_gen:inst1|lpm_counter:cnt_rtl_0|cntr_b67:auto_generated|safe_q[9]  ; clk_gen:inst1|lpm_counter:cnt_rtl_0|cntr_b67:auto_generated|safe_q[18] ; clk        ; clk      ; None                        ; None                      ; 4.072 ns                ;
; N/A                                     ; 216.26 MHz ( period = 4.624 ns )                    ; clk_gen:inst1|lpm_counter:cnt_rtl_0|cntr_b67:auto_generated|safe_q[13] ; clk_gen:inst1|lpm_counter:cnt_rtl_0|cntr_b67:auto_generated|safe_q[21] ; clk        ; clk      ; None                        ; None                      ; 4.060 ns                ;
; N/A                                     ; 216.26 MHz ( period = 4.624 ns )                    ; clk_gen:inst1|lpm_counter:cnt_rtl_0|cntr_b67:auto_generated|safe_q[13] ; clk_gen:inst1|lpm_counter:cnt_rtl_0|cntr_b67:auto_generated|safe_q[19] ; clk        ; clk      ; None                        ; None                      ; 4.060 ns                ;
; N/A                                     ; 216.26 MHz ( period = 4.624 ns )                    ; clk_gen:inst1|lpm_counter:cnt_rtl_0|cntr_b67:auto_generated|safe_q[13] ; clk_gen:inst1|lpm_counter:cnt_rtl_0|cntr_b67:auto_generated|safe_q[20] ; clk        ; clk      ; None                        ; None                      ; 4.060 ns                ;
; N/A                                     ; 216.26 MHz ( period = 4.624 ns )                    ; clk_gen:inst1|lpm_counter:cnt_rtl_0|cntr_b67:auto_generated|safe_q[13] ; clk_gen:inst1|lpm_counter:cnt_rtl_0|cntr_b67:auto_generated|safe_q[17] ; clk        ; clk      ; None                        ; None                      ; 4.060 ns                ;
; N/A                                     ; 216.26 MHz ( period = 4.624 ns )                    ; clk_gen:inst1|lpm_counter:cnt_rtl_0|cntr_b67:auto_generated|safe_q[13] ; clk_gen:inst1|lpm_counter:cnt_rtl_0|cntr_b67:auto_generated|safe_q[18] ; clk        ; clk      ; None                        ; None                      ; 4.060 ns                ;
; N/A                                     ; 216.59 MHz ( period = 4.617 ns )                    ; clk_gen:inst1|lpm_counter:cnt_rtl_0|cntr_b67:auto_generated|safe_q[11] ; clk_gen:inst1|lpm_counter:cnt_rtl_0|cntr_b67:auto_generated|safe_q[21] ; clk        ; clk      ; None                        ; None                      ; 4.053 ns                ;
; N/A                                     ; 216.59 MHz ( period = 4.617 ns )                    ; clk_gen:inst1|lpm_counter:cnt_rtl_0|cntr_b67:auto_generated|safe_q[11] ; clk_gen:inst1|lpm_counter:cnt_rtl_0|cntr_b67:auto_generated|safe_q[19] ; clk        ; clk      ; None                        ; None                      ; 4.053 ns                ;
; N/A                                     ; 216.59 MHz ( period = 4.617 ns )                    ; clk_gen:inst1|lpm_counter:cnt_rtl_0|cntr_b67:auto_generated|safe_q[11] ; clk_gen:inst1|lpm_counter:cnt_rtl_0|cntr_b67:auto_generated|safe_q[20] ; clk        ; clk      ; None                        ; None                      ; 4.053 ns                ;
; N/A                                     ; 216.59 MHz ( period = 4.617 ns )                    ; clk_gen:inst1|lpm_counter:cnt_rtl_0|cntr_b67:auto_generated|safe_q[11] ; clk_gen:inst1|lpm_counter:cnt_rtl_0|cntr_b67:auto_generated|safe_q[17] ; clk        ; clk      ; None                        ; None                      ; 4.053 ns                ;
; N/A                                     ; 216.59 MHz ( period = 4.617 ns )                    ; clk_gen:inst1|lpm_counter:cnt_rtl_0|cntr_b67:auto_generated|safe_q[11] ; clk_gen:inst1|lpm_counter:cnt_rtl_0|cntr_b67:auto_generated|safe_q[18] ; clk        ; clk      ; None                        ; None                      ; 4.053 ns                ;
; N/A                                     ; 216.78 MHz ( period = 4.613 ns )                    ; clk_gen:inst1|lpm_counter:cnt_rtl_0|cntr_b67:auto_generated|safe_q[4]  ; clk_gen:inst1|lpm_counter:cnt_rtl_0|cntr_b67:auto_generated|safe_q[15] ; clk        ; clk      ; None                        ; None                      ; 4.049 ns                ;
; N/A                                     ; 216.78 MHz ( period = 4.613 ns )                    ; clk_gen:inst1|lpm_counter:cnt_rtl_0|cntr_b67:auto_generated|safe_q[4]  ; clk_gen:inst1|lpm_counter:cnt_rtl_0|cntr_b67:auto_generated|safe_q[16] ; clk        ; clk      ; None                        ; None                      ; 4.049 ns                ;
; N/A                                     ; 216.78 MHz ( period = 4.613 ns )                    ; clk_gen:inst1|lpm_counter:cnt_rtl_0|cntr_b67:auto_generated|safe_q[4]  ; clk_gen:inst1|lpm_counter:cnt_rtl_0|cntr_b67:auto_generated|safe_q[14] ; clk        ; clk      ; None                        ; None                      ; 4.049 ns                ;
; N/A                                     ; 216.78 MHz ( period = 4.613 ns )                    ; clk_gen:inst1|lpm_counter:cnt_rtl_0|cntr_b67:auto_generated|safe_q[4]  ; clk_gen:inst1|lpm_counter:cnt_rtl_0|cntr_b67:auto_generated|safe_q[12] ; clk        ; clk      ; None                        ; None                      ; 4.049 ns                ;
; N/A                                     ; 216.78 MHz ( period = 4.613 ns )                    ; clk_gen:inst1|lpm_counter:cnt_rtl_0|cntr_b67:auto_generated|safe_q[4]  ; clk_gen:inst1|lpm_counter:cnt_rtl_0|cntr_b67:auto_generated|safe_q[13] ; clk        ; clk      ; None                        ; None                      ; 4.049 ns                ;
; N/A                                     ; 217.06 MHz ( period = 4.607 ns )                    ; clk_gen:inst1|lpm_counter:cnt_rtl_0|cntr_b67:auto_generated|safe_q[0]  ; clk_gen:inst1|lpm_counter:cnt_rtl_0|cntr_b67:auto_generated|safe_q[10] ; clk        ; clk      ; None                        ; None                      ; 4.043 ns                ;
; N/A                                     ; 217.06 MHz ( period = 4.607 ns )                    ; clk_gen:inst1|lpm_counter:cnt_rtl_0|cntr_b67:auto_generated|safe_q[0]  ; clk_gen:inst1|lpm_counter:cnt_rtl_0|cntr_b67:auto_generated|safe_q[9]  ; clk        ; clk      ; None                        ; None                      ; 4.043 ns                ;
; N/A                                     ; 217.06 MHz ( period = 4.607 ns )                    ; clk_gen:inst1|lpm_counter:cnt_rtl_0|cntr_b67:auto_generated|safe_q[0]  ; clk_gen:inst1|lpm_counter:cnt_rtl_0|cntr_b67:auto_generated|safe_q[8]  ; clk        ; clk      ; None                        ; None                      ; 4.043 ns                ;
; N/A                                     ; 217.06 MHz ( period = 4.607 ns )                    ; clk_gen:inst1|lpm_counter:cnt_rtl_0|cntr_b67:auto_generated|safe_q[0]  ; clk_gen:inst1|lpm_counter:cnt_rtl_0|cntr_b67:auto_generated|safe_q[7]  ; clk        ; clk      ; None                        ; None                      ; 4.043 ns                ;
; N/A                                     ; 217.06 MHz ( period = 4.607 ns )                    ; clk_gen:inst1|lpm_counter:cnt_rtl_0|cntr_b67:auto_generated|safe_q[0]  ; clk_gen:inst1|lpm_counter:cnt_rtl_0|cntr_b67:auto_generated|safe_q[11] ; clk        ; clk      ; None                        ; None                      ; 4.043 ns                ;
; N/A                                     ; 217.58 MHz ( period = 4.596 ns )                    ; clk_gen:inst1|lpm_counter:cnt_rtl_0|cntr_b67:auto_generated|safe_q[14] ; clk_gen:inst1|lpm_counter:cnt_rtl_0|cntr_b67:auto_generated|safe_q[22] ; clk        ; clk      ; None                        ; None                      ; 4.032 ns                ;
; N/A                                     ; 217.58 MHz ( period = 4.596 ns )                    ; clk_gen:inst1|lpm_counter:cnt_rtl_0|cntr_b67:auto_generated|safe_q[14] ; clk_gen:inst1|lpm_counter:cnt_rtl_0|cntr_b67:auto_generated|safe_q[23] ; clk        ; clk      ; None                        ; None                      ; 4.032 ns                ;
; N/A                                     ; 217.82 MHz ( period = 4.591 ns )                    ; traffic_sm:inst2|present_state.s2                                      ; traffic_sm:inst2|present_state.s3                                      ; clk        ; clk      ; None                        ; None                      ; 4.027 ns                ;
; N/A                                     ; 218.01 MHz ( period = 4.587 ns )                    ; clk_gen:inst1|lpm_counter:cnt_rtl_0|cntr_b67:auto_generated|safe_q[10] ; clk_gen:inst1|lpm_counter:cnt_rtl_0|cntr_b67:auto_generated|safe_q[21] ; clk        ; clk      ; None                        ; None                      ; 4.023 ns                ;
; N/A                                     ; 218.01 MHz ( period = 4.587 ns )                    ; clk_gen:inst1|lpm_counter:cnt_rtl_0|cntr_b67:auto_generated|safe_q[10] ; clk_gen:inst1|lpm_counter:cnt_rtl_0|cntr_b67:auto_generated|safe_q[19] ; clk        ; clk      ; None                        ; None                      ; 4.023 ns                ;
; N/A                                     ; 218.01 MHz ( period = 4.587 ns )                    ; clk_gen:inst1|lpm_counter:cnt_rtl_0|cntr_b67:auto_generated|safe_q[10] ; clk_gen:inst1|lpm_counter:cnt_rtl_0|cntr_b67:auto_generated|safe_q[20] ; clk        ; clk      ; None                        ; None                      ; 4.023 ns                ;
; N/A                                     ; 218.01 MHz ( period = 4.587 ns )                    ; clk_gen:inst1|lpm_counter:cnt_rtl_0|cntr_b67:auto_generated|safe_q[10] ; clk_gen:inst1|lpm_counter:cnt_rtl_0|cntr_b67:auto_generated|safe_q[17] ; clk        ; clk      ; None                        ; None                      ; 4.023 ns                ;
; N/A                                     ; 218.01 MHz ( period = 4.587 ns )                    ; clk_gen:inst1|lpm_counter:cnt_rtl_0|cntr_b67:auto_generated|safe_q[10] ; clk_gen:inst1|lpm_counter:cnt_rtl_0|cntr_b67:auto_generated|safe_q[18] ; clk        ; clk      ; None                        ; None                      ; 4.023 ns                ;
; N/A                                     ; 218.91 MHz ( period = 4.568 ns )                    ; clk_gen:inst1|lpm_counter:cnt_rtl_0|cntr_b67:auto_generated|safe_q[5]  ; clk_gen:inst1|lpm_counter:cnt_rtl_0|cntr_b67:auto_generated|safe_q[15] ; clk        ; clk      ; None                        ; None                      ; 4.004 ns                ;
; N/A                                     ; 218.91 MHz ( period = 4.568 ns )                    ; clk_gen:inst1|lpm_counter:cnt_rtl_0|cntr_b67:auto_generated|safe_q[5]  ; clk_gen:inst1|lpm_counter:cnt_rtl_0|cntr_b67:auto_generated|safe_q[16] ; clk        ; clk      ; None                        ; None                      ; 4.004 ns                ;
; N/A                                     ; 218.91 MHz ( period = 4.568 ns )                    ; clk_gen:inst1|lpm_counter:cnt_rtl_0|cntr_b67:auto_generated|safe_q[5]  ; clk_gen:inst1|lpm_counter:cnt_rtl_0|cntr_b67:auto_generated|safe_q[14] ; clk        ; clk      ; None                        ; None                      ; 4.004 ns                ;
; N/A                                     ; 218.91 MHz ( period = 4.568 ns )                    ; clk_gen:inst1|lpm_counter:cnt_rtl_0|cntr_b67:auto_generated|safe_q[5]  ; clk_gen:inst1|lpm_counter:cnt_rtl_0|cntr_b67:auto_generated|safe_q[12] ; clk        ; clk      ; None                        ; None                      ; 4.004 ns                ;
; N/A                                     ; 218.91 MHz ( period = 4.568 ns )                    ; clk_gen:inst1|lpm_counter:cnt_rtl_0|cntr_b67:auto_generated|safe_q[5]  ; clk_gen:inst1|lpm_counter:cnt_rtl_0|cntr_b67:auto_generated|safe_q[13] ; clk        ; clk      ; None                        ; None                      ; 4.004 ns                ;
; N/A                                     ; 219.88 MHz ( period = 4.548 ns )                    ; clk_gen:inst1|lpm_counter:cnt_rtl_0|cntr_b67:auto_generated|safe_q[15] ; clk_gen:inst1|lpm_counter:cnt_rtl_0|cntr_b67:auto_generated|safe_q[22] ; clk        ; clk      ; None                        ; None                      ; 3.984 ns                ;
; N/A                                     ; 219.88 MHz ( period = 4.548 ns )                    ; clk_gen:inst1|lpm_counter:cnt_rtl_0|cntr_b67:auto_generated|safe_q[15] ; clk_gen:inst1|lpm_counter:cnt_rtl_0|cntr_b67:auto_generated|safe_q[23] ; clk        ; clk      ; None                        ; None                      ; 3.984 ns                ;
; N/A                                     ; 223.31 MHz ( period = 4.478 ns )                    ; clk_gen:inst1|lpm_counter:cnt_rtl_0|cntr_b67:auto_generated|safe_q[16] ; clk_gen:inst1|lpm_counter:cnt_rtl_0|cntr_b67:auto_generated|safe_q[22] ; clk        ; clk      ; None                        ; None                      ; 3.914 ns                ;
; N/A                                     ; 223.31 MHz ( period = 4.478 ns )                    ; clk_gen:inst1|lpm_counter:cnt_rtl_0|cntr_b67:auto_generated|safe_q[6]  ; clk_gen:inst1|lpm_counter:cnt_rtl_0|cntr_b67:auto_generated|safe_q[15] ; clk        ; clk      ; None                        ; None                      ; 3.914 ns                ;
; N/A                                     ; 223.31 MHz ( period = 4.478 ns )                    ; clk_gen:inst1|lpm_counter:cnt_rtl_0|cntr_b67:auto_generated|safe_q[6]  ; clk_gen:inst1|lpm_counter:cnt_rtl_0|cntr_b67:auto_generated|safe_q[16] ; clk        ; clk      ; None                        ; None                      ; 3.914 ns                ;
; N/A                                     ; 223.31 MHz ( period = 4.478 ns )                    ; clk_gen:inst1|lpm_counter:cnt_rtl_0|cntr_b67:auto_generated|safe_q[6]  ; clk_gen:inst1|lpm_counter:cnt_rtl_0|cntr_b67:auto_generated|safe_q[14] ; clk        ; clk      ; None                        ; None                      ; 3.914 ns                ;
; N/A                                     ; 223.31 MHz ( period = 4.478 ns )                    ; clk_gen:inst1|lpm_counter:cnt_rtl_0|cntr_b67:auto_generated|safe_q[6]  ; clk_gen:inst1|lpm_counter:cnt_rtl_0|cntr_b67:auto_generated|safe_q[12] ; clk        ; clk      ; None                        ; None                      ; 3.914 ns                ;
; N/A                                     ; 223.31 MHz ( period = 4.478 ns )                    ; clk_gen:inst1|lpm_counter:cnt_rtl_0|cntr_b67:auto_generated|safe_q[6]  ; clk_gen:inst1|lpm_counter:cnt_rtl_0|cntr_b67:auto_generated|safe_q[13] ; clk        ; clk      ; None                        ; None                      ; 3.914 ns                ;
; N/A                                     ; 223.31 MHz ( period = 4.478 ns )                    ; clk_gen:inst1|lpm_counter:cnt_rtl_0|cntr_b67:auto_generated|safe_q[16] ; clk_gen:inst1|lpm_counter:cnt_rtl_0|cntr_b67:auto_generated|safe_q[23] ; clk        ; clk      ; None                        ; None                      ; 3.914 ns                ;
; N/A                                     ; 223.51 MHz ( period = 4.474 ns )                    ; clk_gen:inst1|lpm_counter:cnt_rtl_0|cntr_b67:auto_generated|safe_q[17] ; clk_gen:inst1|lpm_counter:cnt_rtl_0|cntr_b67:auto_generated|safe_q[22] ; clk        ; clk      ; None                        ; None                      ; 3.910 ns                ;
; N/A                                     ; 223.51 MHz ( period = 4.474 ns )                    ; clk_gen:inst1|lpm_counter:cnt_rtl_0|cntr_b67:auto_generated|safe_q[17] ; clk_gen:inst1|lpm_counter:cnt_rtl_0|cntr_b67:auto_generated|safe_q[23] ; clk        ; clk      ; None                        ; None                      ; 3.910 ns                ;
; N/A                                     ; 224.32 MHz ( period = 4.458 ns )                    ; clk_gen:inst1|lpm_counter:cnt_rtl_0|cntr_b67:auto_generated|safe_q[7]  ; clk_gen:inst1|lpm_counter:cnt_rtl_0|cntr_b67:auto_generated|safe_q[15] ; clk        ; clk      ; None                        ; None                      ; 3.894 ns                ;
; N/A                                     ; 224.32 MHz ( period = 4.458 ns )                    ; clk_gen:inst1|lpm_counter:cnt_rtl_0|cntr_b67:auto_generated|safe_q[7]  ; clk_gen:inst1|lpm_counter:cnt_rtl_0|cntr_b67:auto_generated|safe_q[16] ; clk        ; clk      ; None                        ; None                      ; 3.894 ns                ;
; N/A                                     ; 224.32 MHz ( period = 4.458 ns )                    ; clk_gen:inst1|lpm_counter:cnt_rtl_0|cntr_b67:auto_generated|safe_q[7]  ; clk_gen:inst1|lpm_counter:cnt_rtl_0|cntr_b67:auto_generated|safe_q[14] ; clk        ; clk      ; None                        ; None                      ; 3.894 ns                ;
; N/A                                     ; 224.32 MHz ( period = 4.458 ns )                    ; clk_gen:inst1|lpm_counter:cnt_rtl_0|cntr_b67:auto_generated|safe_q[7]  ; clk_gen:inst1|lpm_counter:cnt_rtl_0|cntr_b67:auto_generated|safe_q[12] ; clk        ; clk      ; None                        ; None                      ; 3.894 ns                ;
; N/A                                     ; 224.32 MHz ( period = 4.458 ns )                    ; clk_gen:inst1|lpm_counter:cnt_rtl_0|cntr_b67:auto_generated|safe_q[7]  ; clk_gen:inst1|lpm_counter:cnt_rtl_0|cntr_b67:auto_generated|safe_q[13] ; clk        ; clk      ; None                        ; None                      ; 3.894 ns                ;
; N/A                                     ; 225.43 MHz ( period = 4.436 ns )                    ; clk_gen:inst1|lpm_counter:cnt_rtl_0|cntr_b67:auto_generated|safe_q[4]  ; clk_gen:inst1|lpm_counter:cnt_rtl_0|cntr_b67:auto_generated|safe_q[10] ; clk        ; clk      ; None                        ; None                      ; 3.872 ns                ;
; N/A                                     ; 225.43 MHz ( period = 4.436 ns )                    ; clk_gen:inst1|lpm_counter:cnt_rtl_0|cntr_b67:auto_generated|safe_q[4]  ; clk_gen:inst1|lpm_counter:cnt_rtl_0|cntr_b67:auto_generated|safe_q[9]  ; clk        ; clk      ; None                        ; None                      ; 3.872 ns                ;
; N/A                                     ; 225.43 MHz ( period = 4.436 ns )                    ; clk_gen:inst1|lpm_counter:cnt_rtl_0|cntr_b67:auto_generated|safe_q[4]  ; clk_gen:inst1|lpm_counter:cnt_rtl_0|cntr_b67:auto_generated|safe_q[8]  ; clk        ; clk      ; None                        ; None                      ; 3.872 ns                ;
; N/A                                     ; 225.43 MHz ( period = 4.436 ns )                    ; clk_gen:inst1|lpm_counter:cnt_rtl_0|cntr_b67:auto_generated|safe_q[4]  ; clk_gen:inst1|lpm_counter:cnt_rtl_0|cntr_b67:auto_generated|safe_q[7]  ; clk        ; clk      ; None                        ; None                      ; 3.872 ns                ;
; N/A                                     ; 225.43 MHz ( period = 4.436 ns )                    ; clk_gen:inst1|lpm_counter:cnt_rtl_0|cntr_b67:auto_generated|safe_q[4]  ; clk_gen:inst1|lpm_counter:cnt_rtl_0|cntr_b67:auto_generated|safe_q[11] ; clk        ; clk      ; None                        ; None                      ; 3.872 ns                ;
; N/A                                     ; 226.30 MHz ( period = 4.419 ns )                    ; clk_gen:inst1|lpm_counter:cnt_rtl_0|cntr_b67:auto_generated|safe_q[14] ; clk_gen:inst1|lpm_counter:cnt_rtl_0|cntr_b67:auto_generated|safe_q[21] ; clk        ; clk      ; None                        ; None                      ; 3.855 ns                ;
; N/A                                     ; 226.30 MHz ( period = 4.419 ns )                    ; clk_gen:inst1|lpm_counter:cnt_rtl_0|cntr_b67:auto_generated|safe_q[14] ; clk_gen:inst1|lpm_counter:cnt_rtl_0|cntr_b67:auto_generated|safe_q[19] ; clk        ; clk      ; None                        ; None                      ; 3.855 ns                ;
; N/A                                     ; 226.30 MHz ( period = 4.419 ns )                    ; clk_gen:inst1|lpm_counter:cnt_rtl_0|cntr_b67:auto_generated|safe_q[14] ; clk_gen:inst1|lpm_counter:cnt_rtl_0|cntr_b67:auto_generated|safe_q[20] ; clk        ; clk      ; None                        ; None                      ; 3.855 ns                ;
; N/A                                     ; 226.30 MHz ( period = 4.419 ns )                    ; clk_gen:inst1|lpm_counter:cnt_rtl_0|cntr_b67:auto_generated|safe_q[14] ; clk_gen:inst1|lpm_counter:cnt_rtl_0|cntr_b67:auto_generated|safe_q[17] ; clk        ; clk      ; None                        ; None                      ; 3.855 ns                ;
; N/A                                     ; 226.30 MHz ( period = 4.419 ns )                    ; clk_gen:inst1|lpm_counter:cnt_rtl_0|cntr_b67:auto_generated|safe_q[14] ; clk_gen:inst1|lpm_counter:cnt_rtl_0|cntr_b67:auto_generated|safe_q[18] ; clk        ; clk      ; None                        ; None                      ; 3.855 ns                ;
; N/A                                     ; 227.74 MHz ( period = 4.391 ns )                    ; clk_gen:inst1|lpm_counter:cnt_rtl_0|cntr_b67:auto_generated|safe_q[5]  ; clk_gen:inst1|lpm_counter:cnt_rtl_0|cntr_b67:auto_generated|safe_q[10] ; clk        ; clk      ; None                        ; None                      ; 3.827 ns                ;
; N/A                                     ; 227.74 MHz ( period = 4.391 ns )                    ; clk_gen:inst1|lpm_counter:cnt_rtl_0|cntr_b67:auto_generated|safe_q[5]  ; clk_gen:inst1|lpm_counter:cnt_rtl_0|cntr_b67:auto_generated|safe_q[9]  ; clk        ; clk      ; None                        ; None                      ; 3.827 ns                ;
; N/A                                     ; 227.74 MHz ( period = 4.391 ns )                    ; clk_gen:inst1|lpm_counter:cnt_rtl_0|cntr_b67:auto_generated|safe_q[5]  ; clk_gen:inst1|lpm_counter:cnt_rtl_0|cntr_b67:auto_generated|safe_q[8]  ; clk        ; clk      ; None                        ; None                      ; 3.827 ns                ;
; N/A                                     ; 227.74 MHz ( period = 4.391 ns )                    ; clk_gen:inst1|lpm_counter:cnt_rtl_0|cntr_b67:auto_generated|safe_q[5]  ; clk_gen:inst1|lpm_counter:cnt_rtl_0|cntr_b67:auto_generated|safe_q[7]  ; clk        ; clk      ; None                        ; None                      ; 3.827 ns                ;
; N/A                                     ; 227.74 MHz ( period = 4.391 ns )                    ; clk_gen:inst1|lpm_counter:cnt_rtl_0|cntr_b67:auto_generated|safe_q[5]  ; clk_gen:inst1|lpm_counter:cnt_rtl_0|cntr_b67:auto_generated|safe_q[11] ; clk        ; clk      ; None                        ; None                      ; 3.827 ns                ;
; N/A                                     ; 228.78 MHz ( period = 4.371 ns )                    ; clk_gen:inst1|lpm_counter:cnt_rtl_0|cntr_b67:auto_generated|safe_q[15] ; clk_gen:inst1|lpm_counter:cnt_rtl_0|cntr_b67:auto_generated|safe_q[21] ; clk        ; clk      ; None                        ; None                      ; 3.807 ns                ;
; N/A                                     ; 228.78 MHz ( period = 4.371 ns )                    ; clk_gen:inst1|lpm_counter:cnt_rtl_0|cntr_b67:auto_generated|safe_q[15] ; clk_gen:inst1|lpm_counter:cnt_rtl_0|cntr_b67:auto_generated|safe_q[19] ; clk        ; clk      ; None                        ; None                      ; 3.807 ns                ;
; N/A                                     ; 228.78 MHz ( period = 4.371 ns )                    ; clk_gen:inst1|lpm_counter:cnt_rtl_0|cntr_b67:auto_generated|safe_q[15] ; clk_gen:inst1|lpm_counter:cnt_rtl_0|cntr_b67:auto_generated|safe_q[20] ; clk        ; clk      ; None                        ; None                      ; 3.807 ns                ;
; N/A                                     ; 228.78 MHz ( period = 4.371 ns )                    ; clk_gen:inst1|lpm_counter:cnt_rtl_0|cntr_b67:auto_generated|safe_q[15] ; clk_gen:inst1|lpm_counter:cnt_rtl_0|cntr_b67:auto_generated|safe_q[17] ; clk        ; clk      ; None                        ; None                      ; 3.807 ns                ;
; N/A                                     ; 228.78 MHz ( period = 4.371 ns )                    ; clk_gen:inst1|lpm_counter:cnt_rtl_0|cntr_b67:auto_generated|safe_q[15] ; clk_gen:inst1|lpm_counter:cnt_rtl_0|cntr_b67:auto_generated|safe_q[18] ; clk        ; clk      ; None                        ; None                      ; 3.807 ns                ;
; N/A                                     ; 229.83 MHz ( period = 4.351 ns )                    ; clk_gen:inst1|lpm_counter:cnt_rtl_0|cntr_b67:auto_generated|safe_q[18] ; clk_gen:inst1|lpm_counter:cnt_rtl_0|cntr_b67:auto_generated|safe_q[22] ; clk        ; clk      ; None                        ; None                      ; 3.787 ns                ;
; N/A                                     ; 229.83 MHz ( period = 4.351 ns )                    ; clk_gen:inst1|lpm_counter:cnt_rtl_0|cntr_b67:auto_generated|safe_q[18] ; clk_gen:inst1|lpm_counter:cnt_rtl_0|cntr_b67:auto_generated|safe_q[23] ; clk        ; clk      ; None                        ; None                      ; 3.787 ns                ;
; N/A                                     ; 230.41 MHz ( period = 4.340 ns )                    ; bin2seg0_scan:inst|sel[1]                                              ; bin2seg0_scan:inst|bin[0]                                              ; clk        ; clk      ; None                        ; None                      ; 3.776 ns                ;
; N/A                                     ; 230.84 MHz ( period = 4.332 ns )                    ; clk_gen:inst1|lpm_counter:cnt_rtl_0|cntr_b67:auto_generated|safe_q[8]  ; clk_gen:inst1|lpm_counter:cnt_rtl_0|cntr_b67:auto_generated|safe_q[15] ; clk        ; clk      ; None                        ; None                      ; 3.768 ns                ;
; N/A                                     ; 230.84 MHz ( period = 4.332 ns )                    ; clk_gen:inst1|lpm_counter:cnt_rtl_0|cntr_b67:auto_generated|safe_q[8]  ; clk_gen:inst1|lpm_counter:cnt_rtl_0|cntr_b67:auto_generated|safe_q[16] ; clk        ; clk      ; None                        ; None                      ; 3.768 ns                ;
; N/A                                     ; 230.84 MHz ( period = 4.332 ns )                    ; clk_gen:inst1|lpm_counter:cnt_rtl_0|cntr_b67:auto_generated|safe_q[8]  ; clk_gen:inst1|lpm_counter:cnt_rtl_0|cntr_b67:auto_generated|safe_q[14] ; clk        ; clk      ; None                        ; None                      ; 3.768 ns                ;
; N/A                                     ; 230.84 MHz ( period = 4.332 ns )                    ; clk_gen:inst1|lpm_counter:cnt_rtl_0|cntr_b67:auto_generated|safe_q[8]  ; clk_gen:inst1|lpm_counter:cnt_rtl_0|cntr_b67:auto_generated|safe_q[12] ; clk        ; clk      ; None                        ; None                      ; 3.768 ns                ;
; N/A                                     ; 230.84 MHz ( period = 4.332 ns )                    ; clk_gen:inst1|lpm_counter:cnt_rtl_0|cntr_b67:auto_generated|safe_q[8]  ; clk_gen:inst1|lpm_counter:cnt_rtl_0|cntr_b67:auto_generated|safe_q[13] ; clk        ; clk      ; None                        ; None                      ; 3.768 ns                ;
; N/A                                     ; 232.50 MHz ( period = 4.301 ns )                    ; clk_gen:inst1|lpm_counter:cnt_rtl_0|cntr_b67:auto_generated|safe_q[6]  ; clk_gen:inst1|lpm_counter:cnt_rtl_0|cntr_b67:auto_generated|safe_q[9]  ; clk        ; clk      ; None                        ; None                      ; 3.737 ns                ;
; N/A                                     ; 232.50 MHz ( period = 4.301 ns )                    ; clk_gen:inst1|lpm_counter:cnt_rtl_0|cntr_b67:auto_generated|safe_q[6]  ; clk_gen:inst1|lpm_counter:cnt_rtl_0|cntr_b67:auto_generated|safe_q[8]  ; clk        ; clk      ; None                        ; None                      ; 3.737 ns                ;
; N/A                                     ; 232.50 MHz ( period = 4.301 ns )                    ; clk_gen:inst1|lpm_counter:cnt_rtl_0|cntr_b67:auto_generated|safe_q[6]  ; clk_gen:inst1|lpm_counter:cnt_rtl_0|cntr_b67:auto_generated|safe_q[7]  ; clk        ; clk      ; None                        ; None                      ; 3.737 ns                ;
; Timing analysis restricted to 200 rows. ; To change the limit use Settings (Assignments menu) ;                                                                        ;                                                                        ;            ;          ;                             ;                           ;                         ;
+-----------------------------------------+-----------------------------------------------------+------------------------------------------------------------------------+------------------------------------------------------------------------+------------+----------+-----------------------------+---------------------------+-------------------------+


+-------------------------------------------------------------------------------------------+
; tsu                                                                                       ;
+-------+--------------+------------+--------+-----------------------------------+----------+
; Slack ; Required tsu ; Actual tsu ; From   ; To                                ; To Clock ;
+-------+--------------+------------+--------+-----------------------------------+----------+
; N/A   ; None         ; -1.824 ns  ; sw1    ; bin2seg0_scan:inst|bin[3]         ; clk      ;
; N/A   ; None         ; -1.824 ns  ; sw1    ; bin2seg0_scan:inst|bin[1]         ; clk      ;
; N/A   ; None         ; -1.824 ns  ; sw1    ; bin2seg0_scan:inst|bin[0]         ; clk      ;
; N/A   ; None         ; -2.321 ns  ; dip[1] ; traffic_sm:inst2|present_state.s4 ; clk      ;
; N/A   ; None         ; -2.322 ns  ; dip[1] ; traffic_sm:inst2|present_state.s0 ; clk      ;
; N/A   ; None         ; -2.614 ns  ; dip[0] ; traffic_sm:inst2|present_state.s4 ; clk      ;
; N/A   ; None         ; -2.615 ns  ; dip[0] ; traffic_sm:inst2|present_state.s1 ; clk      ;
; N/A   ; None         ; -2.616 ns  ; dip[0] ; traffic_sm:inst2|present_state.s0 ; clk      ;
; N/A   ; None         ; -2.632 ns  ; dip[0] ; traffic_sm:inst2|present_state.s5 ; clk      ;
; N/A   ; None         ; -2.909 ns  ; dip[1] ; traffic_sm:inst2|present_state.s5 ; clk      ;
; N/A   ; None         ; -2.920 ns  ; dip[1] ; traffic_sm:inst2|present_state.s1 ; clk      ;
+-------+--------------+------------+--------+-----------------------------------+----------+


+---------------------------------------------------------------------------------------------+
; tco                                                                                         ;
+-------+--------------+------------+-----------------------------------+--------+------------+
; Slack ; Required tco ; Actual tco ; From                              ; To     ; From Clock ;
+-------+--------------+------------+-----------------------------------+--------+------------+
; N/A   ; None         ; 16.494 ns  ; bin2seg0_scan:inst|bin[3]         ; seg[0] ; clk        ;
; N/A   ; None         ; 16.491 ns  ; bin2seg0_scan:inst|bin[3]         ; seg[2] ; clk        ;
; N/A   ; None         ; 16.304 ns  ; bin2seg0_scan:inst|bin[0]         ; seg[2] ; clk        ;
; N/A   ; None         ; 16.293 ns  ; bin2seg0_scan:inst|bin[0]         ; seg[0] ; clk        ;
; N/A   ; None         ; 15.944 ns  ; bin2seg0_scan:inst|bin[1]         ; seg[0] ; clk        ;
; N/A   ; None         ; 15.942 ns  ; bin2seg0_scan:inst|bin[3]         ; seg[3] ; clk        ;
; N/A   ; None         ; 15.941 ns  ; bin2seg0_scan:inst|bin[1]         ; seg[2] ; clk        ;
; N/A   ; None         ; 15.872 ns  ; bin2seg0_scan:inst|bin[3]         ; seg[6] ; clk        ;
; N/A   ; None         ; 15.808 ns  ; bin2seg0_scan:inst|bin[3]         ; seg[4] ; clk        ;
; N/A   ; None         ; 15.763 ns  ; bin2seg0_scan:inst|bin[0]         ; seg[4] ; clk        ;
; N/A   ; None         ; 15.741 ns  ; bin2seg0_scan:inst|bin[0]         ; seg[3] ; clk        ;
; N/A   ; None         ; 15.726 ns  ; traffic_sm:inst2|present_state.s1 ; led3   ; clk        ;
; N/A   ; None         ; 15.696 ns  ; traffic_sm:inst2|present_state.s1 ; led7   ; clk        ;
; N/A   ; None         ; 15.644 ns  ; traffic_sm:inst2|present_state.s0 ; led1   ; clk        ;
; N/A   ; None         ; 15.603 ns  ; traffic_sm:inst2|present_state.s0 ; led3   ; clk        ;
; N/A   ; None         ; 15.573 ns  ; traffic_sm:inst2|present_state.s0 ; led7   ; clk        ;
; N/A   ; None         ; 15.508 ns  ; bin2seg0_scan:inst|bin[1]         ; seg[6] ; clk        ;
; N/A   ; None         ; 15.451 ns  ; traffic_sm:inst2|present_state.s5 ; led5   ; clk        ;
; N/A   ; None         ; 15.392 ns  ; bin2seg0_scan:inst|bin[1]         ; seg[3] ; clk        ;
; N/A   ; None         ; 15.119 ns  ; traffic_sm:inst2|present_state.s7 ; led6   ; clk        ;
; N/A   ; None         ; 15.090 ns  ; bin2seg0_scan:inst|bin[3]         ; seg[1] ; clk        ;
; N/A   ; None         ; 15.060 ns  ; traffic_sm:inst2|present_state.s1 ; led1   ; clk        ;
; N/A   ; None         ; 14.993 ns  ; traffic_sm:inst2|present_state.s2 ; led3   ; clk        ;
; N/A   ; None         ; 14.992 ns  ; bin2seg0_scan:inst|bin[3]         ; seg[7] ; clk        ;
; N/A   ; None         ; 14.963 ns  ; traffic_sm:inst2|present_state.s2 ; led7   ; clk        ;
; N/A   ; None         ; 14.911 ns  ; traffic_sm:inst2|present_state.s4 ; led5   ; clk        ;
; N/A   ; None         ; 14.815 ns  ; bin2seg0_scan:inst|bin[0]         ; seg[5] ; clk        ;
; N/A   ; None         ; 14.747 ns  ; bin2seg0_scan:inst|dig2           ; dig2   ; clk        ;
; N/A   ; None         ; 14.635 ns  ; bin2seg0_scan:inst|bin[3]         ; seg[5] ; clk        ;
; N/A   ; None         ; 14.596 ns  ; bin2seg0_scan:inst|dig1           ; dig1   ; clk        ;
; N/A   ; None         ; 14.551 ns  ; traffic_sm:inst2|present_state.s3 ; led2   ; clk        ;
; N/A   ; None         ; 14.507 ns  ; traffic_sm:inst2|present_state.s2 ; led1   ; clk        ;
; N/A   ; None         ; 14.463 ns  ; traffic_sm:inst2|present_state.s3 ; led3   ; clk        ;
; N/A   ; None         ; 14.433 ns  ; traffic_sm:inst2|present_state.s3 ; led7   ; clk        ;
; N/A   ; None         ; 14.346 ns  ; traffic_sm:inst2|present_state.s6 ; led5   ; clk        ;
; N/A   ; None         ; 14.270 ns  ; bin2seg0_scan:inst|bin[1]         ; seg[5] ; clk        ;
; N/A   ; None         ; 13.239 ns  ; bin2seg0_scan:inst|dig4           ; dig4   ; clk        ;
; N/A   ; None         ; 13.234 ns  ; bin2seg0_scan:inst|dig3           ; dig3   ; clk        ;
+-------+--------------+------------+-----------------------------------+--------+------------+


+-------------------------------------------------------------------------------------------------+
; th                                                                                              ;
+---------------+-------------+-----------+--------+-----------------------------------+----------+
; Minimum Slack ; Required th ; Actual th ; From   ; To                                ; To Clock ;
+---------------+-------------+-----------+--------+-----------------------------------+----------+
; N/A           ; None        ; 3.325 ns  ; dip[1] ; traffic_sm:inst2|present_state.s1 ; clk      ;
; N/A           ; None        ; 3.314 ns  ; dip[1] ; traffic_sm:inst2|present_state.s5 ; clk      ;
; N/A           ; None        ; 3.037 ns  ; dip[0] ; traffic_sm:inst2|present_state.s5 ; clk      ;
; N/A           ; None        ; 3.021 ns  ; dip[0] ; traffic_sm:inst2|present_state.s0 ; clk      ;
; N/A           ; None        ; 3.020 ns  ; dip[0] ; traffic_sm:inst2|present_state.s1 ; clk      ;
; N/A           ; None        ; 3.019 ns  ; dip[0] ; traffic_sm:inst2|present_state.s4 ; clk      ;
; N/A           ; None        ; 2.727 ns  ; dip[1] ; traffic_sm:inst2|present_state.s0 ; clk      ;
; N/A           ; None        ; 2.726 ns  ; dip[1] ; traffic_sm:inst2|present_state.s4 ; clk      ;
; N/A           ; None        ; 2.229 ns  ; sw1    ; bin2seg0_scan:inst|bin[3]         ; clk      ;
; N/A           ; None        ; 2.229 ns  ; sw1    ; bin2seg0_scan:inst|bin[1]         ; clk      ;
; N/A           ; None        ; 2.229 ns  ; sw1    ; bin2seg0_scan:inst|bin[0]         ; clk      ;
+---------------+-------------+-----------+--------+-----------------------------------+----------+


+--------------------------+
; Timing Analyzer Messages ;
+--------------------------+
Info: *******************************************************************
Info: Running Quartus II Timing Analyzer
    Info: Version 4.2 Build 157 12/07/2004 SJ Web Edition
    Info: Processing started: Sun Apr 24 03:18:55 2005
Info: Command: quartus_tan --import_settings_files=off --export_settings_files=off traffic -c traffic
Info: Started post-fitting delay annotation
Warning: Timing characteristics of device EPM1270T144C5ES are preliminary
Info: Delay annotation completed successfully
Warning: Found pins functioning as undefined clocks and/or memory enables
    Info: Assuming node "clk" is an undefined clock
Warning: Found 2 node(s) in clock paths which may be acting as ripple and/or gated clocks -- node(s) analyzed as buffer(s) resulting in clock skew
    Info: Detected ripple clock "clk_gen:inst1|lpm_counter:cnt_rtl_0|cntr_b67:auto_generated|safe_q[13]" as buffer
    Info: Detected ripple clock "clk_gen:inst1|lpm_counter:cnt_rtl_0|cntr_b67:auto_generated|safe_q[23]" as buffer
Info: Clock "clk" has Internal fmax of 179.89 MHz between source register "clk_gen:inst1|lpm_counter:cnt_rtl_0|cntr_b67:auto_generated|safe_q[2]" and destination register "clk_gen:inst1|lpm_counter:cnt_rtl_0|cntr_b67:auto_generated|safe_q[22]" (period= 5.559 ns)
    Info: + Longest register to register delay is 4.995 ns
        Info: 1: + IC(0.000 ns) + CELL(0.000 ns) = 0.000 ns; Loc. = LC_X5_Y5_N5; Fanout = 4; REG Node = 'clk_gen:inst1|lpm_counter:cnt_rtl_0|cntr_b67:auto_generated|safe_q[2]'
        Info: 2: + IC(0.939 ns) + CELL(0.803 ns) = 1.742 ns; Loc. = LC_X5_Y5_N5; Fanout = 2; COMB Node = 'clk_gen:inst1|lpm_counter:cnt_rtl_0|cntr_b67:auto_generated|counter_cella2~COUT'
        Info: 3: + IC(0.000 ns) + CELL(0.126 ns) = 1.868 ns; Loc. = LC_X5_Y5_N6; Fanout = 2; COMB Node = 'clk_gen:inst1|lpm_counter:cnt_rtl_0|cntr_b67:auto_generated|counter_cella3~COUT'
        Info: 4: + IC(0.000 ns) + CELL(0.126 ns) = 1.994 ns; Loc. = LC_X5_Y5_N7; Fanout = 2; COMB Node = 'clk_gen:inst1|lpm_counter:cnt_rtl_0|cntr_b67:auto_generated|counter_cella4~COUT'
        Info: 5: + IC(0.000 ns) + CELL(0.126 ns) = 2.120 ns; Loc. = LC_X5_Y5_N8; Fanout = 2; COMB Node = 'clk_gen:inst1|lpm_counter:cnt_rtl_0|cntr_b67:auto_generated|counter_cella5~COUT'
        Info: 6: + IC(0.000 ns) + CELL(0.408 ns) = 2.528 ns; Loc. = LC_X5_Y5_N9; Fanout = 6; COMB Node = 'clk_gen:inst1|lpm_counter:cnt_rtl_0|cntr_b67:auto_generated|counter_cella6~COUT'
        Info: 7: + IC(0.000 ns) + CELL(0.251 ns) = 2.779 ns; Loc. = LC_X6_Y5_N4; Fanout = 6; COMB Node = 'clk_gen:inst1|lpm_counter:cnt_rtl_0|cntr_b67:auto_generated|counter_cella11~COUT'
        Info: 8: + IC(0.000 ns) + CELL(0.356 ns) = 3.135 ns; Loc. = LC_X6_Y5_N9; Fanout = 6; COMB Node = 'clk_gen:inst1|lpm_counter:cnt_rtl_0|cntr_b67:auto_generated|counter_cella16~COUT'
        Info: 9: + IC(0.000 ns) + CELL(0.251 ns) = 3.386 ns; Loc. = LC_X7_Y5_N4; Fanout = 2; COMB Node = 'clk_gen:inst1|lpm_counter:cnt_rtl_0|cntr_b67:auto_generated|counter_cella21~COUT'
        Info: 10: + IC(0.000 ns) + CELL(1.609 ns) = 4.995 ns; Loc. = LC_X7_Y5_N5; Fanout = 4; REG Node = 'clk_gen:inst1|lpm_counter:cnt_rtl_0|cntr_b67:auto_generated|safe_q[22]'
        Info: Total cell delay = 4.056 ns ( 81.20 % )
        Info: Total interconnect delay = 0.939 ns ( 18.80 % )
    Info: - Smallest clock skew is 0.000 ns
        Info: + Shortest clock path from clock "clk" to destination register is 3.838 ns
            Info: 1: + IC(0.000 ns) + CELL(1.163 ns) = 1.163 ns; Loc. = PIN_18; Fanout = 24; CLK Node = 'clk'
            Info: 2: + IC(1.738 ns) + CELL(0.937 ns) = 3.838 ns; Loc. = LC_X7_Y5_N5; Fanout = 4; REG Node = 'clk_gen:inst1|lpm_counter:cnt_rtl_0|cntr_b67:auto_generated|safe_q[22]'
            Info: Total cell delay = 2.100 ns ( 54.72 % )
            Info: Total interconnect delay = 1.738 ns ( 45.28 % )
        Info: - Longest clock path from clock "clk" to source register is 3.838 ns
            Info: 1: + IC(0.000 ns) + CELL(1.163 ns) = 1.163 ns; Loc. = PIN_18; Fanout = 24; CLK Node = 'clk'
            Info: 2: + IC(1.738 ns) + CELL(0.937 ns) = 3.838 ns; Loc. = LC_X5_Y5_N5; Fanout = 4; REG Node = 'clk_gen:inst1|lpm_counter:cnt_rtl_0|cntr_b67:auto_generated|safe_q[2]'
            Info: Total cell delay = 2.100 ns ( 54.72 % )
            Info: Total interconnect delay = 1.738 ns ( 45.28 % )
    Info: + Micro clock to output delay of source is 0.384 ns
    Info: + Micro setup delay of destination is 0.180 ns
Info: tsu for register "bin2seg0_scan:inst|bin[3]" (data pin = "sw1", clock pin = "clk") is -1.824 ns
    Info: + Longest pin to register delay is 7.723 ns
        Info: 1: + IC(0.000 ns) + CELL(1.132 ns) = 1.132 ns; Loc. = PIN_23; Fanout = 17; PIN Node = 'sw1'
        Info: 2: + IC(5.323 ns) + CELL(1.268 ns) = 7.723 ns; Loc. = LC_X4_Y4_N0; Fanout = 7; REG Node = 'bin2seg0_scan:inst|bin[3]'
        Info: Total cell delay = 2.400 ns ( 31.08 % )
        Info: Total interconnect delay = 5.323 ns ( 68.92 % )
    Info: + Micro setup delay of destination is 0.180 ns
    Info: - Shortest clock path from clock "clk" to destination register is 9.727 ns
        Info: 1: + IC(0.000 ns) + CELL(1.163 ns) = 1.163 ns; Loc. = PIN_18; Fanout = 24; CLK Node = 'clk'
        Info: 2: + IC(1.738 ns) + CELL(1.321 ns) = 4.222 ns; Loc. = LC_X6_Y5_N6; Fanout = 13; REG Node = 'clk_gen:inst1|lpm_counter:cnt_rtl_0|cntr_b67:auto_generated|safe_q[13]'
        Info: 3: + IC(4.568 ns) + CELL(0.937 ns) = 9.727 ns; Loc. = LC_X4_Y4_N0; Fanout = 7; REG Node = 'bin2seg0_scan:inst|bin[3]'
        Info: Total cell delay = 3.421 ns ( 35.17 % )
        Info: Total interconnect delay = 6.306 ns ( 64.83 % )
Info: tco from clock "clk" to destination pin "seg[0]" through register "bin2seg0_scan:inst|bin[3]" is 16.494 ns
    Info: + Longest clock path from clock "clk" to source register is 9.727 ns
        Info: 1: + IC(0.000 ns) + CELL(1.163 ns) = 1.163 ns; Loc. = PIN_18; Fanout = 24; CLK Node = 'clk'
        Info: 2: + IC(1.738 ns) + CELL(1.321 ns) = 4.222 ns; Loc. = LC_X6_Y5_N6; Fanout = 13; REG Node = 'clk_gen:inst1|lpm_counter:cnt_rtl_0|cntr_b67:auto_generated|safe_q[13]'
        Info: 3: + IC(4.568 ns) + CELL(0.937 ns) = 9.727 ns; Loc. = LC_X4_Y4_N0; Fanout = 7; REG Node = 'bin2seg0_scan:inst|bin[3]'
        Info: Total cell delay = 3.421 ns ( 35.17 % )
        Info: Total interconnect delay = 6.306 ns ( 64.83 % )
    Info: + Micro clock to output delay of source is 0.384 ns
    Info: + Longest register to pin delay is 6.383 ns
        Info: 1: + IC(0.000 ns) + CELL(0.000 ns) = 0.000 ns; Loc. = LC_X4_Y4_N0; Fanout = 7; REG Node = 'bin2seg0_scan:inst|bin[3]'
        Info: 2: + IC(1.000 ns) + CELL(0.755 ns) = 1.755 ns; Loc. = LC_X4_Y4_N9; Fanout = 2; COMB Node = 'bin2seg0_scan:inst|seven_seg[3]~123'
        Info: 3: + IC(2.306 ns) + CELL(2.322 ns) = 6.383 ns; Loc. = PIN_37; Fanout = 0; PIN Node = 'seg[0]'
        Info: Total cell delay = 3.077 ns ( 48.21 % )
        Info: Total interconnect delay = 3.306 ns ( 51.79 % )
Info: th for register "traffic_sm:inst2|present_state.s1" (data pin = "dip[1]", clock pin = "clk") is 3.325 ns
    Info: + Longest clock path from clock "clk" to destination register is 9.015 ns
        Info: 1: + IC(0.000 ns) + CELL(1.163 ns) = 1.163 ns; Loc. = PIN_18; Fanout = 24; CLK Node = 'clk'
        Info: 2: + IC(1.738 ns) + CELL(1.321 ns) = 4.222 ns; Loc. = LC_X7_Y5_N6; Fanout = 10; REG Node = 'clk_gen:inst1|lpm_counter:cnt_rtl_0|cntr_b67:auto_generated|safe_q[23]'
        Info: 3: + IC(3.856 ns) + CELL(0.937 ns) = 9.015 ns; Loc. = LC_X1_Y6_N8; Fanout = 4; REG Node = 'traffic_sm:inst2|present_state.s1'
        Info: Total cell delay = 3.421 ns ( 37.95 % )
        Info: Total interconnect delay = 5.594 ns ( 62.05 % )
    Info: + Micro hold delay of destination is 0.225 ns
    Info: - Shortest pin to register delay is 5.915 ns
        Info: 1: + IC(0.000 ns) + CELL(1.132 ns) = 1.132 ns; Loc. = PIN_21; Fanout = 4; PIN Node = 'dip[1]'
        Info: 2: + IC(4.180 ns) + CELL(0.603 ns) = 5.915 ns; Loc. = LC_X1_Y6_N8; Fanout = 4; REG Node = 'traffic_sm:inst2|present_state.s1'
        Info: Total cell delay = 1.735 ns ( 29.33 % )
        Info: Total interconnect delay = 4.180 ns ( 70.67 % )
Info: Quartus II Timing Analyzer was successful. 0 errors, 3 warnings
    Info: Processing ended: Sun Apr 24 03:18:56 2005
    Info: Elapsed time: 00:00:01


