Timing Analyzer report for ALU
Mon Apr 18 03:06:07 2005
Version 4.2 Build 157 12/07/2004 SJ Web Edition


---------------------
; Table of Contents ;
---------------------
  1. Legal Notice
  2. Timing Analyzer Summary
  3. Timing Analyzer Settings
  4. tpd
  5. Timing Analyzer Messages



----------------
; Legal Notice ;
----------------
Copyright (C) 1991-2004 Altera Corporation
Any  megafunction  design,  and related netlist (encrypted  or  decrypted),
support information,  device programming or simulation file,  and any other
associated  documentation or information  provided by  Altera  or a partner
under  Altera's   Megafunction   Partnership   Program  may  be  used  only
to program  PLD  devices (but not masked  PLD  devices) from  Altera.   Any
other  use  of such  megafunction  design,  netlist,  support  information,
device programming or simulation file,  or any other  related documentation
or information  is prohibited  for  any  other purpose,  including, but not
limited to  modification,  reverse engineering,  de-compiling, or use  with
any other  silicon devices,  unless such use is  explicitly  licensed under
a separate agreement with  Altera  or a megafunction partner.  Title to the
intellectual property,  including patents,  copyrights,  trademarks,  trade
secrets,  or maskworks,  embodied in any such megafunction design, netlist,
support  information,  device programming or simulation file,  or any other
related documentation or information provided by  Altera  or a megafunction
partner, remains with Altera, the megafunction partner, or their respective
licensors. No other licenses, including any licenses needed under any third
party's intellectual property, are provided herein.



+-------------------------------------------------------------------------------------------------------------------------+
; Timing Analyzer Summary                                                                                                 ;
+------------------------------+-------+---------------+-------------+------+------+------------+----------+--------------+
; Type                         ; Slack ; Required Time ; Actual Time ; From ; To   ; From Clock ; To Clock ; Failed Paths ;
+------------------------------+-------+---------------+-------------+------+------+------------+----------+--------------+
; Worst-case tpd               ; N/A   ; None          ; 10.880 ns   ; B[0] ; F[1] ;            ;          ; 0            ;
; Total number of failed paths ;       ;               ;             ;      ;      ;            ;          ; 0            ;
+------------------------------+-------+---------------+-------------+------+------+------------+----------+--------------+


+------------------------------------------------------------------------------------------------------+
; Timing Analyzer Settings                                                                             ;
+-------------------------------------------------------+--------------------+------+----+-------------+
; Option                                                ; Setting            ; From ; To ; Entity Name ;
+-------------------------------------------------------+--------------------+------+----+-------------+
; Device Name                                           ; EPM1270T144C5ES    ;      ;    ;             ;
; Timing Models                                         ; Preliminary        ;      ;    ;             ;
; Number of source nodes to report per destination node ; 10                 ;      ;    ;             ;
; Number of destination nodes to report                 ; 10                 ;      ;    ;             ;
; Number of paths to report                             ; 200                ;      ;    ;             ;
; Report Minumum Timing Checks                          ; Off                ;      ;    ;             ;
; Use Fast Timing Models                                ; Off                ;      ;    ;             ;
; Report IO Paths Separately                            ; Off                ;      ;    ;             ;
; Clock Analysis Only                                   ; Off                ;      ;    ;             ;
; Default hold multicycle                               ; Same as Multicycle ;      ;    ;             ;
; Cut paths between unrelated clock domains             ; On                 ;      ;    ;             ;
; Cut off read during write signal paths                ; On                 ;      ;    ;             ;
; Cut off clear and preset signal paths                 ; On                 ;      ;    ;             ;
; Cut off feedback from I/O pins                        ; On                 ;      ;    ;             ;
; Ignore Clock Settings                                 ; Off                ;      ;    ;             ;
; Analyze latches as synchronous elements               ; Off                ;      ;    ;             ;
; Do Min/Max analysis using Rise/Fall delays            ; Off                ;      ;    ;             ;
; Enable Recovery/Removal analysis                      ; Off                ;      ;    ;             ;
; Use Clock Latency for PLL offset                      ; Off                ;      ;    ;             ;
+-------------------------------------------------------+--------------------+------+----+-------------+


+-----------------------------------------------------------+
; tpd                                                       ;
+-------+-------------------+-----------------+------+------+
; Slack ; Required P2P Time ; Actual P2P Time ; From ; To   ;
+-------+-------------------+-----------------+------+------+
; N/A   ; None              ; 10.880 ns       ; B[0] ; F[1] ;
; N/A   ; None              ; 10.804 ns       ; A[0] ; F[1] ;
; N/A   ; None              ; 10.765 ns       ; B[0] ; F[0] ;
; N/A   ; None              ; 10.717 ns       ; A[1] ; F[1] ;
; N/A   ; None              ; 10.685 ns       ; A[1] ; F[2] ;
; N/A   ; None              ; 10.607 ns       ; A[0] ; F[0] ;
; N/A   ; None              ; 10.189 ns       ; B[0] ; F[2] ;
; N/A   ; None              ; 10.146 ns       ; B[1] ; F[1] ;
; N/A   ; None              ; 10.113 ns       ; A[0] ; F[2] ;
; N/A   ; None              ; 10.032 ns       ; B[1] ; F[2] ;
; N/A   ; None              ; 9.884 ns        ; A[2] ; F[2] ;
; N/A   ; None              ; 9.577 ns        ; S[1] ; F[1] ;
; N/A   ; None              ; 9.317 ns        ; B[2] ; F[2] ;
; N/A   ; None              ; 9.260 ns        ; S[0] ; F[1] ;
; N/A   ; None              ; 9.111 ns        ; S[0] ; F[2] ;
; N/A   ; None              ; 9.110 ns        ; S[0] ; F[0] ;
; N/A   ; None              ; 8.939 ns        ; S[1] ; F[0] ;
; N/A   ; None              ; 8.607 ns        ; S[1] ; F[2] ;
; N/A   ; None              ; 8.353 ns        ; M    ; F[1] ;
; N/A   ; None              ; 7.563 ns        ; M    ; F[0] ;
; N/A   ; None              ; 7.213 ns        ; M    ; F[2] ;
+-------+-------------------+-----------------+------+------+


+--------------------------+
; Timing Analyzer Messages ;
+--------------------------+
Info: *******************************************************************
Info: Running Quartus II Timing Analyzer
    Info: Version 4.2 Build 157 12/07/2004 SJ Web Edition
    Info: Processing started: Mon Apr 18 03:06:06 2005
Info: Command: quartus_tan --import_settings_files=off --export_settings_files=off ALU -c ALU
Info: Started post-fitting delay annotation
Warning: Timing characteristics of device EPM1270T144C5ES are preliminary
Info: Delay annotation completed successfully
Info: Longest tpd from source pin "B[0]" to destination pin "F[1]" is 10.880 ns
    Info: 1: + IC(0.000 ns) + CELL(1.132 ns) = 1.132 ns; Loc. = PIN_13; Fanout = 7; PIN Node = 'B[0]'
    Info: 2: + IC(1.426 ns) + CELL(0.803 ns) = 3.361 ns; Loc. = LC_X1_Y7_N6; Fanout = 2; COMB Node = 'add~51COUT'
    Info: 3: + IC(0.000 ns) + CELL(0.832 ns) = 4.193 ns; Loc. = LC_X1_Y7_N7; Fanout = 1; COMB Node = 'add~52'
    Info: 4: + IC(0.797 ns) + CELL(0.521 ns) = 5.511 ns; Loc. = LC_X1_Y7_N2; Fanout = 1; COMB Node = 'F~1403'
    Info: 5: + IC(0.312 ns) + CELL(0.204 ns) = 6.027 ns; Loc. = LC_X1_Y7_N3; Fanout = 1; COMB Node = 'F~1404'
    Info: 6: + IC(0.312 ns) + CELL(0.204 ns) = 6.543 ns; Loc. = LC_X1_Y7_N4; Fanout = 1; COMB Node = 'F~1407'
    Info: 7: + IC(2.015 ns) + CELL(2.322 ns) = 10.880 ns; Loc. = PIN_2; Fanout = 0; PIN Node = 'F[1]'
    Info: Total cell delay = 6.018 ns ( 55.31 % )
    Info: Total interconnect delay = 4.862 ns ( 44.69 % )
Info: Quartus II Timing Analyzer was successful. 0 errors, 1 warning
    Info: Processing ended: Mon Apr 18 03:06:07 2005
    Info: Elapsed time: 00:00:01


